<html>
<body>
<pre>
<h1>礦ision Build Log</h1>
<h2>Tool Versions:</h2>
IDE-Version: μVision V5.29.0.0
Copyright (C) 2019 ARM Ltd and ARM Germany GmbH. All rights reserved.
License Information: 1 zhaofeng, 1, LIC=8VRJ7-EMKXL-Y8ZFK-ZHF7J-29WMD-29GKW
 
Tool Versions:
Toolchain:       MDK-ARM Plus  Version: 5.29.0.0
Toolchain Path:  C:\Keil_v5\ARM\ARMCC\Bin
C Compiler:      Armcc.exe V5.06 update 6 (build 750)
Assembler:       Armasm.exe V5.06 update 6 (build 750)
Linker/Locator:  ArmLink.exe V5.06 update 6 (build 750)
Library Manager: ArmAr.exe V5.06 update 6 (build 750)
Hex Converter:   FromElf.exe V5.06 update 6 (build 750)
CPU DLL:         SARMCM3.DLL V5.29.0.0
Dialog DLL:      DCM.DLL V1.17.3.0
Target DLL:      CMSIS_AGDI.dll V1.32.0.0
Dialog DLL:      TCM.DLL V1.36.5.0
 
<h2>Project:</h2>
F:\Embedded\code\freertos\FreeRTOS队列操作实验\Projects\MDK-ARM\atk_f429.uvprojx
Project File Date:  01/11/2026

<h2>Output:</h2>
*** Using Compiler 'V5.06 update 6 (build 750)', folder: 'C:\Keil_v5\ARM\ARMCC\Bin'
Build target 'FreeRTOS'
assembling startup_stm32f429xx.s...
compiling stm32f4xx_hal.c...
compiling system_stm32f4xx.c...
compiling delay.c...
compiling stm32f4xx_hal_dma.c...
compiling stm32f4xx_hal_rcc.c...
compiling sys.c...
compiling stm32f4xx_hal_dma_ex.c...
compiling stm32f4xx_hal_cortex.c...
compiling usart.c...
compiling main.c...
compiling stm32f4xx_hal_gpio.c...
compiling stm32f4xx_hal_pwr_ex.c...
compiling stm32f4xx_it.c...
compiling freertos_demo.c...
compiling stm32f4xx_hal_pwr.c...
compiling stm32f4xx_hal_usart.c...
compiling stm32f4xx_hal_rcc_ex.c...
compiling stm32f4xx_hal_tim_ex.c...
compiling stm32f4xx_hal_sram.c...
compiling stm32f4xx_hal_uart.c...
compiling stm32f4xx_ll_fmc.c...
compiling stm32f4xx_hal_tim.c...
compiling stm32f4xx_hal_dcmi_ex.c...
compiling stm32f4xx_hal_flash_ex.c...
compiling stm32f4xx_hal_ltdc.c...
compiling stm32f4xx_hal_flash.c...
compiling stm32f4xx_hal_ltdc_ex.c...
compiling stm32f4xx_hal_flash_ramfunc.c...
compiling stm32f4xx_hal_sdram.c...
compiling lcd.c...
compiling stm32f4xx_hal_dcmi.c...
compiling key.c...
compiling led.c...
compiling ltdc.c...
compiling sdram.c...
compiling croutine.c...
compiling malloc.c...
compiling btim.c...
compiling stream_buffer.c...
compiling heap_4.c...
compiling event_groups.c...
compiling list.c...
compiling port.c...
compiling timers.c...
compiling queue.c...
compiling tasks.c...
linking...
Program Size: Code=37502 RO-data=522 RW-data=336 ZI-data=33758208  
FromELF: creating hex file...
"..\..\Output\atk_f429.axf" - 0 Error(s), 0 Warning(s).

<h2>Software Packages used:</h2>

Package Vendor: Keil
                http://www.keil.com/pack/Keil.STM32F4xx_DFP.2.13.0.pack
                Keil.STM32F4xx_DFP.2.13.0
                STMicroelectronics STM32F4 Series Device Support, Drivers and Examples

<h2>Collection of Component include folders:</h2>
  .\RTE\_FreeRTOS
  C:\Users\zhaofeng\AppData\Local\Arm\Packs\Keil\STM32F4xx_DFP\2.13.0\Drivers\CMSIS\Device\ST\STM32F4xx\Include

<h2>Collection of Component Files used:</h2>
Build Time Elapsed:  00:00:21
</pre>
</body>
</html>
