Component: ARM Compiler 5.06 update 6 (build 750) Tool: armlink [4d35ed]

==============================================================================

Section Cross References

    startup_stm32f407xx.o(STACK) refers (Special) to heapauxi.o(.text) for __use_two_region_memory
    startup_stm32f407xx.o(HEAP) refers (Special) to heapauxi.o(.text) for __use_two_region_memory
    startup_stm32f407xx.o(RESET) refers (Special) to heapauxi.o(.text) for __use_two_region_memory
    startup_stm32f407xx.o(RESET) refers to startup_stm32f407xx.o(STACK) for __initial_sp
    startup_stm32f407xx.o(RESET) refers to startup_stm32f407xx.o(.text) for Reset_Handler
    startup_stm32f407xx.o(RESET) refers to stm32f4xx_it.o(i.NMI_Handler) for NMI_Handler
    startup_stm32f407xx.o(RESET) refers to stm32f4xx_it.o(i.HardFault_Handler) for HardFault_Handler
    startup_stm32f407xx.o(RESET) refers to stm32f4xx_it.o(i.MemManage_Handler) for MemManage_Handler
    startup_stm32f407xx.o(RESET) refers to stm32f4xx_it.o(i.BusFault_Handler) for BusFault_Handler
    startup_stm32f407xx.o(RESET) refers to stm32f4xx_it.o(i.UsageFault_Handler) for UsageFault_Handler
    startup_stm32f407xx.o(RESET) refers to stm32f4xx_it.o(i.SVC_Handler) for SVC_Handler
    startup_stm32f407xx.o(RESET) refers to stm32f4xx_it.o(i.DebugMon_Handler) for DebugMon_Handler
    startup_stm32f407xx.o(RESET) refers to stm32f4xx_it.o(i.PendSV_Handler) for PendSV_Handler
    startup_stm32f407xx.o(RESET) refers to stm32f4xx_it.o(i.SysTick_Handler) for SysTick_Handler
    startup_stm32f407xx.o(RESET) refers to stm32f4xx_it.o(i.DMA1_Stream5_IRQHandler) for DMA1_Stream5_IRQHandler
    startup_stm32f407xx.o(RESET) refers to stm32f4xx_it.o(i.DMA1_Stream6_IRQHandler) for DMA1_Stream6_IRQHandler
    startup_stm32f407xx.o(RESET) refers to stm32f4xx_it.o(i.ADC_IRQHandler) for ADC_IRQHandler
    startup_stm32f407xx.o(RESET) refers to stm32f4xx_it.o(i.TIM3_IRQHandler) for TIM3_IRQHandler
    startup_stm32f407xx.o(RESET) refers to stm32f4xx_it.o(i.USART2_IRQHandler) for USART2_IRQHandler
    startup_stm32f407xx.o(RESET) refers to stm32f4xx_it.o(i.DMA2_Stream0_IRQHandler) for DMA2_Stream0_IRQHandler
    startup_stm32f407xx.o(RESET) refers to stm32f4xx_it.o(i.CAN2_RX0_IRQHandler) for CAN2_RX0_IRQHandler
    startup_stm32f407xx.o(.text) refers (Special) to heapauxi.o(.text) for __use_two_region_memory
    startup_stm32f407xx.o(.text) refers to system_stm32f4xx.o(i.SystemInit) for SystemInit
    startup_stm32f407xx.o(.text) refers to __main.o(!!!main) for __main
    startup_stm32f407xx.o(.text) refers to startup_stm32f407xx.o(HEAP) for Heap_Mem
    startup_stm32f407xx.o(.text) refers to startup_stm32f407xx.o(STACK) for Stack_Mem
    system_configuration.o(i.HAL_RegisterCallback) refers to adc.o(i.HAL_AD_RegisterCallback) for HAL_AD_RegisterCallback
    system_configuration.o(i.SysInit_main) refers to can.o(i.User_CAN2_Init) for User_CAN2_Init
    system_configuration.o(i.SysInit_main) refers to usart.o(i.User_USART2_UART_Init) for User_USART2_UART_Init
    system_configuration.o(i.SysInit_main) refers to adc_mid.o(i.ADC_MUX_Param_Init) for ADC_MUX_Param_Init
    system_configuration.o(i.SysInit_main) refers to adc.o(i.User_ADC_Init) for User_ADC_Init
    system_configuration.o(i.SysInit_main) refers to tim.o(i.User_Tim_Init) for User_Tim_Init
    system_configuration.o(i.SysInit_main) refers to system_configuration.o(i.HAL_RegisterCallback) for HAL_RegisterCallback
    system_configuration.o(i.SysInit_main) refers to function_zfs.o(i.ZFS_PWM_Planner_Init) for ZFS_PWM_Planner_Init
    system_configuration.o(i.SysInit_main) refers to function_m1.o(i.M1_PWM_Planner_Init) for M1_PWM_Planner_Init
    system_configuration.o(i.SysInit_main) refers to schedulerbalance.o(i.TaskInit) for TaskInit
    system_configuration.o(i.SysInit_main) refers to system_configuration.o(.bss) for mFuntion_Manage
    system_configuration.o(i.SysInit_main) refers to function_zfs.o(.bss) for ZFS_PWM_Planner
    system_configuration.o(i.SysInit_main) refers to function_m1.o(.bss) for M1_PWM_Planner
    system_configuration.o(i.SysInit_main) refers to schedulerbalance.o(.data) for task_t
    system_configuration.o(i.SystemFunction_Init) refers to system_configuration.o(.bss) for mFuntion_Manage
    system_configuration.o(i.While_Run_Freq_Cnt_Isr) refers to gpio.o(i.red_on) for red_on
    system_configuration.o(i.While_Run_Freq_Cnt_Isr) refers to gpio.o(i.red_off) for red_off
    system_configuration.o(i.While_Run_Freq_Cnt_Isr) refers to function_m1.o(i.M1_PWM_Planning) for M1_PWM_Planning
    system_configuration.o(i.While_Run_Freq_Cnt_Isr) refers to function_zfs.o(i.ZeroFlux_Control) for ZeroFlux_Control
    system_configuration.o(i.While_Run_Freq_Cnt_Isr) refers to system_configuration.o(i.relay_adjust) for relay_adjust
    system_configuration.o(i.While_Run_Freq_Cnt_Isr) refers to system_configuration.o(.bss) for mFuntion_Manage
[...]
    task_cnt_500hz                           0x20000580   Data           2  schedulerbalance.o(.data)
    task_cnt_125hz                           0x20000582   Data           2  schedulerbalance.o(.data)
    task_cnt_31hz                            0x20000584   Data           2  schedulerbalance.o(.data)
    task_cnt_8hz                             0x20000586   Data           2  schedulerbalance.o(.data)
    task_cnt_2hz                             0x20000588   Data           2  schedulerbalance.o(.data)
    .data                                    0x2000058c   Section        4  function_m1.o(.data)
    .data                                    0x20000590   Section        1  function_zfs.o(.data)
    is_initialized                           0x20000590   Data           1  function_zfs.o(.data)
    .bss                                     0x20000594   Section       16  system_configuration.o(.bss)
    .bss                                     0x200005a4   Section     1464  adc.o(.bss)
    .bss                                     0x20000b5c   Section       80  can.o(.bss)
    .bss                                     0x20000bac   Section      360  tim.o(.bss)
    .bss                                     0x20000d14   Section      356  usart.o(.bss)
    .bss                                     0x20000e78   Section      536  adc_mid.o(.bss)
    .bss                                     0x20001090   Section       92  can_mid.o(.bss)
    .bss                                     0x200010ec   Section      106  uart_mid.o(.bss)
    .bss                                     0x20001158   Section       92  function_m1.o(.bss)
    pwm_planner_inst                         0x20001184   Data          20  function_m1.o(.bss)
    pid_ctrl_inst                            0x20001198   Data          28  function_m1.o(.bss)
    .bss                                     0x200011b4   Section      120  function_zfs.o(.bss)
    pwm_planner_inst                         0x200011e0   Data          20  function_zfs.o(.bss)
    pid_ctrl_inst                            0x200011f4   Data          28  function_zfs.o(.bss)
    pid                                      0x20001210   Data          28  function_zfs.o(.bss)
    .bss                                     0x2000122c   Section       96  libspace.o(.bss)
    HEAP                                     0x20001290   Section    10240  startup_stm32f407xx.o(HEAP)
    Heap_Mem                                 0x20001290   Data       10240  startup_stm32f407xx.o(HEAP)
    STACK                                    0x20003a90   Section     8448  startup_stm32f407xx.o(STACK)
    Stack_Mem                                0x20003a90   Data        8448  startup_stm32f407xx.o(STACK)
    __initial_sp                             0x20005b90   Data           0  startup_stm32f407xx.o(STACK)

    Global Symbols

    Symbol Name                              Value     Ov Type        Size  Object(Section)

    BuildAttributes$$THM_ISAv4$E$P$D$K$B$S$7EM$VFPi3$EXTD16$VFPS$VFMA$PE$A:L22UL41UL21$X:L11$S22US41US21$IEEE1$IW$USESV6$~STKCKD$USESV7$~SHL$OTIME$ROPI$IEEEJ$EBA8$UX$STANDARDLIB$REQ8$PRES8$EABIv2 0x00000000   Number         0  anon$$obj.o ABSOLUTE
    __ARM_use_no_argv                        0x00000000   Number         0  main.o ABSOLUTE
    __ARM_exceptions_init                     - Undefined Weak Reference
    __alloca_initialize                       - Undefined Weak Reference
    __arm_preinit_                            - Undefined Weak Reference
    __cpp_initialize__aeabi_                  - Undefined Weak Reference
    __cxa_finalize                            - Undefined Weak Reference
    __rt_locale                               - Undefined Weak Reference
    __sigvec_lookup                           - Undefined Weak Reference
    _atexit_init                              - Undefined Weak Reference
    _call_atexit_fns                          - Undefined Weak Reference
    _clock_init                               - Undefined Weak Reference
    _fp_trap_init                             - Undefined Weak Reference
    _fp_trap_shutdown                         - Undefined Weak Reference
    _get_lc_collate                           - Undefined Weak Reference
    _get_lc_ctype                             - Undefined Weak Reference
    _get_lc_monetary                          - Undefined Weak Reference
    _get_lc_numeric                           - Undefined Weak Reference
    _get_lc_time                              - Undefined Weak Reference
    _getenv_init                              - Undefined Weak Reference
    _handle_redirection                       - Undefined Weak Reference
    _init_alloc                               - Undefined Weak Reference
    _init_user_alloc                          - Undefined Weak Reference
    _initio                                   - Undefined Weak Reference
    _rand_init                                - Undefined Weak Reference
    _signal_finish                            - Undefined Weak Reference
    _signal_init                              - Undefined Weak Reference
    _terminate_alloc                          - Undefined Weak Reference
    _terminate_user_alloc                     - Undefined Weak Reference
    _terminateio                              - Undefined Weak Reference
    __Vectors_Size                           0x00000188   Number         0  startup_stm32f407xx.o ABSOLUTE
    __Vectors                                0x08000000   Data           4  startup_stm32f407xx.o(RESET)
    __Vectors_End                            0x08000188   Data           0  startup_stm32f407xx.o(RESET)
    __main                                   0x08000189   Thumb Code     8  __main.o(!!!main)
    __scatterload                            0x08000191   Thumb Code     0  __scatter.o(!!!scatter)
    __scatterload_rt2                        0x08000191   Thumb Code    44  __scatter.o(!!!scatter)
    __scatterload_rt2_thumb_only             0x08000191   Thumb Code     0  __scatter.o(!!!scatter)
    __scatterload_null                       0x0800019f   Thumb Code     0  __scatter.o(!!!scatter)
    __decompress                             0x080001c5   Thumb Code    90  __dczerorl2.o(!!dczerorl2)
    __decompress1                            0x080001c5   Thumb Code     0  __dczerorl2.o(!!dczerorl2)
    __scatterload_zeroinit                   0x08000221   Thumb Code    28  __scatter_zi.o(!!handler_zi)
    __rt_lib_init                            0x0800023d   Thumb Code     0  libinit.o(.ARM.Collect$$libinit$$00000000)
    __rt_lib_init_fp_1                       0x0800023f   Thumb Code     0  libinit2.o(.ARM.Collect$$libinit$$00000001)
    __rt_lib_init_alloca_1                   0x08000243   Thumb Code     0  libinit2.o(.ARM.Collect$$libinit$$0000002E)
    __rt_lib_init_argv_1                     0x08000243   Thumb Code     0  libinit2.o(.ARM.Collect$$libinit$$0000002C)
    __rt_lib_init_atexit_1                   0x08000243   Thumb Code     0  libinit2.o(.ARM.Collect$$libinit$$0000001B)
    __rt_lib_init_clock_1                    0x08000243   Thumb Code     0  libinit2.o(.ARM.Collect$$libinit$$00000021)
    __rt_lib_init_cpp_1                      0x08000243   Thumb Code     0  libinit2.o(.ARM.Collect$$libinit$$00000032)
    __rt_lib_init_exceptions_1               0x08000243   Thumb Code     0  libinit2.o(.ARM.Collect$$libinit$$00000030)
    __rt_lib_init_fp_trap_1                  0x08000243   Thumb Code     0  libinit2.o(.ARM.Collect$$libinit$$0000001F)
    __rt_lib_init_getenv_1                   0x08000243   Thumb Code     0  libinit2.o(.ARM.Collect$$libinit$$00000023)
    __rt_lib_init_heap_1                     0x08000243   Thumb Code     0  libinit2.o(.ARM.Collect$$libinit$$0000000A)
    __rt_lib_init_lc_collate_1               0x08000243   Thumb Code     0  libinit2.o(.ARM.Collect$$libinit$$00000011)
    __rt_lib_init_lc_ctype_1                 0x08000243   Thumb Code     0  libinit2.o(.ARM.Collect$$libinit$$00000013)
    __rt_lib_init_lc_monetary_1              0x08000243   Thumb Code     0  libinit2.o(.ARM.Collect$$libinit$$00000015)
    __rt_lib_init_lc_numeric_1               0x08000243   Thumb Code     0  libinit2.o(.ARM.Collect$$libinit$$00000017)
    __rt_lib_init_lc_time_1                  0x08000243   Thumb Code     0  libinit2.o(.ARM.Collect$$libinit$$00000019)
    __rt_lib_init_preinit_1                  0x08000243   Thumb Code     0  libinit2.o(.ARM.Collect$$libinit$$00000004)
    __rt_lib_init_rand_1                     0x08000243   Thumb Code     0  libinit2.o(.ARM.Collect$$libinit$$0000000E)
    __rt_lib_init_return                     0x08000243   Thumb Code     0  libinit2.o(.ARM.Collect$$libinit$$00000033)
    __rt_lib_init_signal_1                   0x08000243   Thumb Code     0  libinit2.o(.ARM.Collect$$libinit$$0000001D)
    __rt_lib_init_stdio_1                    0x08000243   Thumb Code     0  libinit2.o(.ARM.Collect$$libinit$$00000025)
    __rt_lib_init_user_alloc_1               0x08000243   Thumb Code     0  libinit2.o(.ARM.Collect$$libinit$$0000000C)
    __rt_lib_shutdown                        0x08000245   Thumb Code     0  libshutdown.o(.ARM.Collect$$libshutdown$$00000000)
    __rt_lib_shutdown_cpp_1                  0x08000247   Thumb Code     0  libshutdown2.o(.ARM.Collect$$libshutdown$$00000002)
    __rt_lib_shutdown_fp_trap_1              0x08000247   Thumb Code     0  libshutdown2.o(.ARM.Collect$$libshutdown$$00000007)
    __rt_lib_shutdown_heap_1                 0x08000247   Thumb Code     0  libshutdown2.o(.ARM.Collect$$libshutdown$$0000000F)
    __rt_lib_shutdown_return                 0x08000247   Thumb Code     0  libshutdown2.o(.ARM.Collect$$libshutdown$$00000010)
    __rt_lib_shutdown_signal_1               0x08000247   Thumb Code     0  libshutdown2.o(.ARM.Collect$$libshutdown$$0000000A)
    __rt_lib_shutdown_stdio_1                0x08000247   Thumb Code     0  libshutdown2.o(.ARM.Collect$$libshutdown$$00000004)
    __rt_lib_shutdown_user_alloc_1           0x08000247   Thumb Code     0  libshutdown2.o(.ARM.Collect$$libshutdown$$0000000C)
    __rt_entry                               0x08000249   Thumb Code     0  __rtentry.o(.ARM.Collect$$rtentry$$00000000)
    __rt_entry_presh_1                       0x08000249   Thumb Code     0  __rtentry2.o(.ARM.Collect$$rtentry$$00000002)
    __rt_entry_sh                            0x08000249   Thumb Code     0  __rtentry4.o(.ARM.Collect$$rtentry$$00000004)
    __rt_entry_li                            0x0800024f   Thumb Code     0  __rtentry2.o(.ARM.Collect$$rtentry$$0000000A)
    __rt_entry_postsh_1                      0x0800024f   Thumb Code     0  __rtentry2.o(.ARM.Collect$$rtentry$$00000009)
    __rt_entry_main                          0x08000253   Thumb Code     0  __rtentry2.o(.ARM.Collect$$rtentry$$0000000D)
    __rt_entry_postli_1                      0x08000253   Thumb Code     0  __rtentry2.o(.ARM.Collect$$rtentry$$0000000C)
    __rt_exit                                0x0800025b   Thumb Code     0  rtexit.o(.ARM.Collect$$rtexit$$00000000)
    __rt_exit_ls                             0x0800025d   Thumb Code     0  rtexit2.o(.ARM.Collect$$rtexit$$00000003)
    __rt_exit_prels_1                        0x0800025d   Thumb Code     0  rtexit2.o(.ARM.Collect$$rtexit$$00000002)
    __rt_exit_exit                           0x08000261   Thumb Code     0  rtexit2.o(.ARM.Collect$$rtexit$$00000004)
    Reset_Handler                            0x08000269   Thumb Code     8  startup_stm32f407xx.o(.text)
    CAN1_RX0_IRQHandler                      0x08000283   Thumb Code     0  startup_stm32f407xx.o(.text)
    CAN1_RX1_IRQHandler                      0x08000283   Thumb Code     0  startup_stm32f407xx.o(.text)
    CAN1_SCE_IRQHandler                      0x08000283   Thumb Code     0  startup_stm32f407xx.o(.text)
    CAN1_TX_IRQHandler                       0x08000283   Thumb Code     0  startup_stm32f407xx.o(.text)
    CAN2_RX1_IRQHandler                      0x08000283   Thumb Code     0  startup_stm32f407xx.o(.text)
    CAN2_SCE_IRQHandler                      0x08000283   Thumb Code     0  startup_stm32f407xx.o(.text)
    CAN2_TX_IRQHandler                       0x08000283   Thumb Code     0  startup_stm32f407xx.o(.text)
    DCMI_IRQHandler                          0x08000283   Thumb Code     0  startup_stm32f407xx.o(.text)
    DMA1_Stream0_IRQHandler                  0x08000283   Thumb Code     0  startup_stm32f407xx.o(.text)
    DMA1_Stream1_IRQHandler                  0x08000283   Thumb Code     0  startup_stm32f407xx.o(.text)
    DMA1_Stream2_IRQHandler                  0x08000283   Thumb Code     0  startup_stm32f407xx.o(.text)
    DMA1_Stream3_IRQHandler                  0x08000283   Thumb Code     0  startup_stm32f407xx.o(.text)
    DMA1_Stream4_IRQHandler                  0x08000283   Thumb Code     0  startup_stm32f407xx.o(.text)
    DMA1_Stream7_IRQHandler                  0x08000283   Thumb Code     0  startup_stm32f407xx.o(.text)
    DMA2_Stream1_IRQHandler                  0x08000283   Thumb Code     0  startup_stm32f407xx.o(.text)
    DMA2_Stream2_IRQHandler                  0x08000283   Thumb Code     0  startup_stm32f407xx.o(.text)
    DMA2_Stream3_IRQHandler                  0x08000283   Thumb Code     0  startup_stm32f407xx.o(.text)
    DMA2_Stream4_IRQHandler                  0x08000283   Thumb Code     0  startup_stm32f407xx.o(.text)
    DMA2_Stream5_IRQHandler                  0x08000283   Thumb Code     0  startup_stm32f407xx.o(.text)
    DMA2_Stream6_IRQHandler                  0x08000283   Thumb Code     0  startup_stm32f407xx.o(.text)
    DMA2_Stream7_IRQHandler                  0x08000283   Thumb Code     0  startup_stm32f407xx.o(.text)
    ETH_IRQHandler                           0x08000283   Thumb Code     0  startup_stm32f407xx.o(.text)
    ETH_WKUP_IRQHandler                      0x08000283   Thumb Code     0  startup_stm32f407xx.o(.text)
    EXTI0_IRQHandler                         0x08000283   Thumb Code     0  startup_stm32f407xx.o(.text)
    EXTI15_10_IRQHandler                     0x08000283   Thumb Code     0  startup_stm32f407xx.o(.text)
    EXTI1_IRQHandler                         0x08000283   Thumb Code     0  startup_stm32f407xx.o(.text)
    EXTI2_IRQHandler                         0x08000283   Thumb Code     0  startup_stm32f407xx.o(.text)
    EXTI3_IRQHandler                         0x08000283   Thumb Code     0  startup_stm32f407xx.o(.text)
    EXTI4_IRQHandler                         0x08000283   Thumb Code     0  startup_stm32f407xx.o(.text)
    EXTI9_5_IRQHandler                       0x08000283   Thumb Code     0  startup_stm32f407xx.o(.text)
    FLASH_IRQHandler                         0x08000283   Thumb Code     0  startup_stm32f407xx.o(.text)
    FMC_IRQHandler                           0x08000283   Thumb Code     0  startup_stm32f407xx.o(.text)
    FPU_IRQHandler                           0x08000283   Thumb Code     0  startup_stm32f407xx.o(.text)
    HASH_RNG_IRQHandler                      0x08000283   Thumb Code     0  startup_stm32f407xx.o(.text)
    I2C1_ER_IRQHandler                       0x08000283   Thumb Code     0  startup_stm32f407xx.o(.text)
    I2C1_EV_IRQHandler                       0x08000283   Thumb Code     0  startup_stm32f407xx.o(.text)
    I2C2_ER_IRQHandler                       0x08000283   Thumb Code     0  startup_stm32f407xx.o(.text)
    I2C2_EV_IRQHandler                       0x08000283   Thumb Code     0  startup_stm32f407xx.o(.text)
    I2C3_ER_IRQHandler                       0x08000283   Thumb Code     0  startup_stm32f407xx.o(.text)
    I2C3_EV_IRQHandler                       0x08000283   Thumb Code     0  startup_stm32f407xx.o(.text)
    OTG_FS_IRQHandler                        0x08000283   Thumb Code     0  startup_stm32f407xx.o(.text)
    OTG_FS_WKUP_IRQHandler                   0x08000283   Thumb Code     0  startup_stm32f407xx.o(.text)
    OTG_HS_EP1_IN_IRQHandler                 0x08000283   Thumb Code     0  startup_stm32f407xx.o(.text)
    OTG_HS_EP1_OUT_IRQHandler                0x08000283   Thumb Code     0  startup_stm32f407xx.o(.text)
    OTG_HS_IRQHandler                        0x08000283   Thumb Code     0  startup_stm32f407xx.o(.text)
    OTG_HS_WKUP_IRQHandler                   0x08000283   Thumb Code     0  startup_stm32f407xx.o(.text)
    PVD_IRQHandler                           0x08000283   Thumb Code     0  startup_stm32f407xx.o(.text)
    RCC_IRQHandler                           0x08000283   Thumb Code     0  startup_stm32f407xx.o(.text)
    RTC_Alarm_IRQHandler                     0x08000283   Thumb Code     0  startup_stm32f407xx.o(.text)
    RTC_WKUP_IRQHandler                      0x08000283   Thumb Code     0  startup_stm32f407xx.o(.text)
    SDIO_IRQHandler                          0x08000283   Thumb Code     0  startup_stm32f407xx.o(.text)
    SPI1_IRQHandler                          0x08000283   Thumb Code     0  startup_stm32f407xx.o(.text)
    SPI2_IRQHandler                          0x08000283   Thumb Code     0  startup_stm32f407xx.o(.text)
    SPI3_IRQHandler                          0x08000283   Thumb Code     0  startup_stm32f407xx.o(.text)
    TAMP_STAMP_IRQHandler                    0x08000283   Thumb Code     0  startup_stm32f407xx.o(.text)
    TIM1_BRK_TIM9_IRQHandler                 0x08000283   Thumb Code     0  startup_stm32f407xx.o(.text)
    TIM1_CC_IRQHandler                       0x08000283   Thumb Code     0  startup_stm32f407xx.o(.text)
    TIM1_TRG_COM_TIM11_IRQHandler            0x08000283   Thumb Code     0  startup_stm32f407xx.o(.text)
    TIM1_UP_TIM10_IRQHandler                 0x08000283   Thumb Code     0  startup_stm32f407xx.o(.text)
    TIM2_IRQHandler                          0x08000283   Thumb Code     0  startup_stm32f407xx.o(.text)
    TIM4_IRQHandler                          0x08000283   Thumb Code     0  startup_stm32f407xx.o(.text)
    TIM5_IRQHandler                          0x08000283   Thumb Code     0  startup_stm32f407xx.o(.text)
    TIM6_DAC_IRQHandler                      0x08000283   Thumb Code     0  startup_stm32f407xx.o(.text)
    TIM7_IRQHandler                          0x08000283   Thumb Code     0  startup_stm32f407xx.o(.text)
    TIM8_BRK_TIM12_IRQHandler                0x08000283   Thumb Code     0  startup_stm32f407xx.o(.text)
    TIM8_CC_IRQHandler                       0x08000283   Thumb Code     0  startup_stm32f407xx.o(.text)
    TIM8_TRG_COM_TIM14_IRQHandler            0x08000283   Thumb Code     0  startup_stm32f407xx.o(.text)
    TIM8_UP_TIM13_IRQHandler                 0x08000283   Thumb Code     0  startup_stm32f407xx.o(.text)
    UART4_IRQHandler                         0x08000283   Thumb Code     0  startup_stm32f407xx.o(.text)
    UART5_IRQHandler                         0x08000283   Thumb Code     0  startup_stm32f407xx.o(.text)
    USART1_IRQHandler                        0x08000283   Thumb Code     0  startup_stm32f407xx.o(.text)
    USART3_IRQHandler                        0x08000283   Thumb Code     0  startup_stm32f407xx.o(.text)
    USART6_IRQHandler                        0x08000283   Thumb Code     0  startup_stm32f407xx.o(.text)
    WWDG_IRQHandler                          0x08000283   Thumb Code     0  startup_stm32f407xx.o(.text)
    __user_initial_stackheap                 0x08000285   Thumb Code     0  startup_stm32f407xx.o(.text)
    __aeabi_uldivmod                         0x080002a9   Thumb Code     0  lludivv7m.o(.text)
    _ll_udiv                                 0x080002a9   Thumb Code   238  lludivv7m.o(.text)
    __aeabi_memclr4                          0x08000397   Thumb Code     0  rt_memclr_w.o(.text)
    __aeabi_memclr8                          0x08000397   Thumb Code     0  rt_memclr_w.o(.text)
    __rt_memclr_w                            0x08000397   Thumb Code    78  rt_memclr_w.o(.text)
    _memset_w                                0x0800039b   Thumb Code     0  rt_memclr_w.o(.text)
    __use_two_region_memory                  0x080003e5   Thumb Code     2  heapauxi.o(.text)
    __rt_heap_escrow$2region                 0x080003e7   Thumb Code     2  heapauxi.o(.text)
    __rt_heap_expand$2region                 0x080003e9   Thumb Code     2  heapauxi.o(.text)
    __user_setup_stackheap                   0x080003eb   Thumb Code    74  sys_stackheap_outer.o(.text)
    exit                                     0x08000435   Thumb Code    18  exit.o(.text)
    __user_libspace                          0x08000449   Thumb Code     8  libspace.o(.text)
    __user_perproc_libspace                  0x08000449   Thumb Code     0  libspace.o(.text)
    __user_perthread_libspace                0x08000449   Thumb Code     0  libspace.o(.text)
    _sys_exit                                0x08000451   Thumb Code     8  sys_exit.o(.text)
    __I$use$semihosting                      0x0800045d   Thumb Code     0  use_no_semi.o(.text)
    __use_no_semihosting_swi                 0x0800045d   Thumb Code     2  use_no_semi.o(.text)
    __semihosting_library_function           0x0800045f   Thumb Code     0  indicate_semi.o(.text)
    ADC_IRQHandler                           0x08000461   Thumb Code    22  stm32f4xx_it.o(i.ADC_IRQHandler)
    ADC_MUX_Param_Init                       0x080005e5   Thumb Code   298  adc_mid.o(i.ADC_MUX_Param_Init)
    ADC_MultiModeDMARequestAfterLastTransferCmd 0x080007b5   Thumb Code    34  adc.o(i.ADC_MultiModeDMARequestAfterLastTransferCmd)
    ADC_Mux12_Channel_Poll                   0x080007e1   Thumb Code   468  adc_mid.o(i.ADC_Mux12_Channel_Poll)
    ADC_to_voltage                           0x080009c5   Thumb Code   238  adc_mid.o(i.ADC_to_voltage)
    BusFault_Handler                         0x08000ac1   Thumb Code     4  stm32f4xx_it.o(i.BusFault_Handler)
    CAN2_RX0_IRQHandler                      0x08000ac5   Thumb Code    10  stm32f4xx_it.o(i.CAN2_RX0_IRQHandler)
    CAN_Send                                 0x08000ad5   Thumb Code    84  can_mid.o(i.CAN_Send)
    DMA1_Stream5_IRQHandler                  0x08000b39   Thumb Code    10  stm32f4xx_it.o(i.DMA1_Stream5_IRQHandler)
    DMA1_Stream6_IRQHandler                  0x08000b49   Thumb Code    10  stm32f4xx_it.o(i.DMA1_Stream6_IRQHandler)
    DMA2_Stream0_IRQHandler                  0x08000b59   Thumb Code    28  stm32f4xx_it.o(i.DMA2_Stream0_IRQHandler)
    DMA_ITConfig                             0x08000c5f   Thumb Code    58  adc.o(i.DMA_ITConfig)
    DebugMon_Handler                         0x08000cc5   Thumb Code     2  stm32f4xx_it.o(i.DebugMon_Handler)
    Error_Handler                            0x08000cc7   Thumb Code     6  main.o(i.Error_Handler)
    FlashWriteFuse                           0x08000ccd   Thumb Code     2  system_configuration.o(i.FlashWriteFuse)
    HAL_ADCEx_InjectedConvCpltCallback       0x08000ccf   Thumb Code     2  stm32f4xx_hal_adc_ex.o(i.HAL_ADCEx_InjectedConvCpltCallback)
    HAL_ADCEx_MultiModeConfigChannel         0x08000cd1   Thumb Code    92  stm32f4xx_hal_adc_ex.o(i.HAL_ADCEx_MultiModeConfigChannel)
    HAL_ADCEx_MultiModeStart_DMA             0x08000d31   Thumb Code   292  stm32f4xx_hal_adc_ex.o(i.HAL_ADCEx_MultiModeStart_DMA)
    HAL_ADC_AnalogWDGConfig                  0x08000e6d   Thumb Code   132  stm32f4xx_hal_adc.o(i.HAL_ADC_AnalogWDGConfig)
    HAL_ADC_ConfigChannel                    0x08000ef5   Thumb Code   380  stm32f4xx_hal_adc.o(i.HAL_ADC_ConfigChannel)
    HAL_ADC_ConvCpltCallback                 0x08001081   Thumb Code     2  stm32f4xx_hal_adc.o(i.HAL_ADC_ConvCpltCallback)
    HAL_ADC_ConvCpltCallback1                0x08001085   Thumb Code   178  adc.o(i.HAL_ADC_ConvCpltCallback1)
    HAL_ADC_ConvHalfCpltCallback             0x0800115d   Thumb Code     2  stm32f4xx_hal_adc.o(i.HAL_ADC_ConvHalfCpltCallback)
    HAL_ADC_ErrorCallback                    0x0800115f   Thumb Code     2  stm32f4xx_hal_adc.o(i.HAL_ADC_ErrorCallback)
    HAL_ADC_IRQHandler                       0x08001161   Thumb Code   354  stm32f4xx_hal_adc.o(i.HAL_ADC_IRQHandler)
    HAL_ADC_Init                             0x080012c5   Thumb Code   100  stm32f4xx_hal_adc.o(i.HAL_ADC_Init)
    HAL_ADC_LevelOutOfWindowCallback         0x0800132d   Thumb Code     2  stm32f4xx_hal_adc.o(i.HAL_ADC_LevelOutOfWindowCallback)
    HAL_ADC_MspInit                          0x08001331   Thumb Code   470  adc.o(i.HAL_ADC_MspInit)
    HAL_ADC_Start                            0x0800152d   Thumb Code   308  stm32f4xx_hal_adc.o(i.HAL_ADC_Start)
    HAL_AD_RegisterCallback                  0x08001679   Thumb Code     2  adc.o(i.HAL_AD_RegisterCallback)
    HAL_CAN_ActivateNotification             0x0800167b   Thumb Code    42  stm32f4xx_hal_can.o(i.HAL_CAN_ActivateNotification)
    HAL_CAN_AddTxMessage                     0x080016a5   Thumb Code   342  stm32f4xx_hal_can.o(i.HAL_CAN_AddTxMessage)
    HAL_CAN_ConfigFilter                     0x080017fd   Thumb Code   286  stm32f4xx_hal_can.o(i.HAL_CAN_ConfigFilter)
    HAL_CAN_ErrorCallback                    0x08001921   Thumb Code     2  stm32f4xx_hal_can.o(i.HAL_CAN_ErrorCallback)
    HAL_CAN_GetRxFifoFillLevel               0x08001923   Thumb Code    40  stm32f4xx_hal_can.o(i.HAL_CAN_GetRxFifoFillLevel)
    HAL_CAN_GetRxMessage                     0x0800194b   Thumb Code   378  stm32f4xx_hal_can.o(i.HAL_CAN_GetRxMessage)
    HAL_CAN_IRQHandler                       0x08001ac5   Thumb Code   590  stm32f4xx_hal_can.o(i.HAL_CAN_IRQHandler)
    HAL_CAN_Init                             0x08001d13   Thumb Code   372  stm32f4xx_hal_can.o(i.HAL_CAN_Init)
    HAL_CAN_MspInit                          0x08001e89   Thumb Code   154  can.o(i.HAL_CAN_MspInit)
    HAL_CAN_RxFifo0FullCallback              0x08001f31   Thumb Code    70  can_mid.o(i.HAL_CAN_RxFifo0FullCallback)
    HAL_CAN_RxFifo0MsgPendingCallback        0x08001f8d   Thumb Code    70  can_mid.o(i.HAL_CAN_RxFifo0MsgPendingCallback)
    HAL_CAN_RxFifo1FullCallback              0x08001fe9   Thumb Code     2  stm32f4xx_hal_can.o(i.HAL_CAN_RxFifo1FullCallback)
    HAL_CAN_RxFifo1MsgPendingCallback        0x08001feb   Thumb Code     2  stm32f4xx_hal_can.o(i.HAL_CAN_RxFifo1MsgPendingCallback)
    HAL_CAN_SleepCallback                    0x08001fed   Thumb Code     2  stm32f4xx_hal_can.o(i.HAL_CAN_SleepCallback)
    HAL_CAN_Start                            0x08001fef   Thumb Code    94  stm32f4xx_hal_can.o(i.HAL_CAN_Start)
    HAL_CAN_TxMailbox0AbortCallback          0x0800204d   Thumb Code     2  stm32f4xx_hal_can.o(i.HAL_CAN_TxMailbox0AbortCallback)
    HAL_CAN_TxMailbox0CompleteCallback       0x0800204f   Thumb Code     2  stm32f4xx_hal_can.o(i.HAL_CAN_TxMailbox0CompleteCallback)
    HAL_CAN_TxMailbox1AbortCallback          0x08002051   Thumb Code     2  stm32f4xx_hal_can.o(i.HAL_CAN_TxMailbox1AbortCallback)
    HAL_CAN_TxMailbox1CompleteCallback       0x08002053   Thumb Code     2  stm32f4xx_hal_can.o(i.HAL_CAN_TxMailbox1CompleteCallback)
    HAL_CAN_TxMailbox2AbortCallback          0x08002055   Thumb Code     2  stm32f4xx_hal_can.o(i.HAL_CAN_TxMailbox2AbortCallback)
    HAL_CAN_TxMailbox2CompleteCallback       0x08002057   Thumb Code     2  stm32f4xx_hal_can.o(i.HAL_CAN_TxMailbox2CompleteCallback)
    HAL_CAN_WakeUpFromRxMsgCallback          0x08002059   Thumb Code     2  stm32f4xx_hal_can.o(i.HAL_CAN_WakeUpFromRxMsgCallback)
    HAL_CRC_Init                             0x0800205b   Thumb Code    32  stm32f4xx_hal_crc.o(i.HAL_CRC_Init)
    HAL_CRC_MspInit                          0x0800207d   Thumb Code    44  crc.o(i.HAL_CRC_MspInit)
    HAL_DMA_Abort                            0x080020b1   Thumb Code   172  stm32f4xx_hal_dma.o(i.HAL_DMA_Abort)
    HAL_DMA_Abort_IT                         0x0800215d   Thumb Code    40  stm32f4xx_hal_dma.o(i.HAL_DMA_Abort_IT)
    HAL_DMA_IRQHandler                       0x08002185   Thumb Code   570  stm32f4xx_hal_dma.o(i.HAL_DMA_IRQHandler)
    HAL_DMA_Init                             0x080023c5   Thumb Code   232  stm32f4xx_hal_dma.o(i.HAL_DMA_Init)
    HAL_DMA_Start_IT                         0x080024b1   Thumb Code   146  stm32f4xx_hal_dma.o(i.HAL_DMA_Start_IT)
    HAL_Delay                                0x08002545   Thumb Code    36  stm32f4xx_hal.o(i.HAL_Delay)
    HAL_GPIO_Init                            0x0800256d   Thumb Code   454  stm32f4xx_hal_gpio.o(i.HAL_GPIO_Init)
    HAL_GPIO_WritePin                        0x08002761   Thumb Code    12  stm32f4xx_hal_gpio.o(i.HAL_GPIO_WritePin)
    HAL_GetTick                              0x0800276d   Thumb Code     6  stm32f4xx_hal.o(i.HAL_GetTick)
    HAL_IncTick                              0x08002779   Thumb Code    16  stm32f4xx_hal.o(i.HAL_IncTick)
    HAL_Init                                 0x08002791   Thumb Code    54  stm32f4xx_hal.o(i.HAL_Init)
    HAL_InitTick                             0x080027cd   Thumb Code    64  main.o(i.HAL_InitTick)
    HAL_MspInit                              0x08002819   Thumb Code    74  stm32f4xx_hal_msp.o(i.HAL_MspInit)
    HAL_NVIC_EnableIRQ                       0x08002869   Thumb Code    32  stm32f4xx_hal_cortex.o(i.HAL_NVIC_EnableIRQ)
    HAL_NVIC_SetPriority                     0x08002889   Thumb Code   124  stm32f4xx_hal_cortex.o(i.HAL_NVIC_SetPriority)
    HAL_NVIC_SetPriorityGrouping             0x08002905   Thumb Code    32  stm32f4xx_hal_cortex.o(i.HAL_NVIC_SetPriorityGrouping)
    HAL_RCC_CSSCallback                      0x0800292d   Thumb Code     2  stm32f4xx_hal_rcc.o(i.HAL_RCC_CSSCallback)
    HAL_RCC_ClockConfig                      0x08002931   Thumb Code   368  stm32f4xx_hal_rcc.o(i.HAL_RCC_ClockConfig)
    HAL_RCC_EnableCSS                        0x08002ab5   Thumb Code     8  stm32f4xx_hal_rcc.o(i.HAL_RCC_EnableCSS)
    HAL_RCC_GetHCLKFreq                      0x08002ac1   Thumb Code     6  stm32f4xx_hal_rcc.o(i.HAL_RCC_GetHCLKFreq)
    HAL_RCC_GetPCLK1Freq                     0x08002acd   Thumb Code    22  stm32f4xx_hal_rcc.o(i.HAL_RCC_GetPCLK1Freq)
    HAL_RCC_GetPCLK2Freq                     0x08002aed   Thumb Code    22  stm32f4xx_hal_rcc.o(i.HAL_RCC_GetPCLK2Freq)
    HAL_RCC_GetSysClockFreq                  0x08002b0d   Thumb Code   162  stm32f4xx_hal_rcc.o(i.HAL_RCC_GetSysClockFreq)
    HAL_RCC_NMI_IRQHandler                   0x08002bbd   Thumb Code    28  stm32f4xx_hal_rcc.o(i.HAL_RCC_NMI_IRQHandler)
    HAL_RCC_OscConfig                        0x08002bdd   Thumb Code  1172  stm32f4xx_hal_rcc.o(i.HAL_RCC_OscConfig)
    HAL_RegisterCallback                     0x08003079   Thumb Code     8  system_configuration.o(i.HAL_RegisterCallback)
    HAL_SYSTICK_Config                       0x08003081   Thumb Code    52  stm32f4xx_hal_cortex.o(i.HAL_SYSTICK_Config)
    HAL_TIMEx_BreakCallback                  0x080030b5   Thumb Code     2  stm32f4xx_hal_tim_ex.o(i.HAL_TIMEx_BreakCallback)
    HAL_TIMEx_CommutCallback                 0x080030b7   Thumb Code     2  stm32f4xx_hal_tim_ex.o(i.HAL_TIMEx_CommutCallback)
    HAL_TIMEx_ConfigBreakDeadTime            0x080030b9   Thumb Code   116  stm32f4xx_hal_tim_ex.o(i.HAL_TIMEx_ConfigBreakDeadTime)
    HAL_TIMEx_MasterConfigSynchronization    0x0800312d   Thumb Code   150  stm32f4xx_hal_tim_ex.o(i.HAL_TIMEx_MasterConfigSynchronization)
    HAL_TIM_Base_Init                        0x080031e1   Thumb Code   102  stm32f4xx_hal_tim.o(i.HAL_TIM_Base_Init)
    HAL_TIM_Base_MspInit                     0x08003249   Thumb Code   216  tim.o(i.HAL_TIM_Base_MspInit)
    HAL_TIM_Base_Start                       0x08003335   Thumb Code   126  stm32f4xx_hal_tim.o(i.HAL_TIM_Base_Start)
    HAL_TIM_ConfigClockSource                0x080033d1   Thumb Code   268  stm32f4xx_hal_tim.o(i.HAL_TIM_ConfigClockSource)
    HAL_TIM_IC_CaptureCallback               0x080034dd   Thumb Code     2  stm32f4xx_hal_tim.o(i.HAL_TIM_IC_CaptureCallback)
    HAL_TIM_IRQHandler                       0x080034df   Thumb Code   406  stm32f4xx_hal_tim.o(i.HAL_TIM_IRQHandler)
    HAL_TIM_MspPostInit                      0x08003675   Thumb Code   224  tim.o(i.HAL_TIM_MspPostInit)
    HAL_TIM_OC_DelayElapsedCallback          0x08003771   Thumb Code    54  tim.o(i.HAL_TIM_OC_DelayElapsedCallback)
    HAL_TIM_OC_Start_IT                      0x080037b5   Thumb Code   324  stm32f4xx_hal_tim.o(i.HAL_TIM_OC_Start_IT)
    HAL_TIM_PWM_ConfigChannel                0x08003915   Thumb Code   260  stm32f4xx_hal_tim.o(i.HAL_TIM_PWM_ConfigChannel)
    HAL_TIM_PWM_Init                         0x08003a19   Thumb Code   102  stm32f4xx_hal_tim.o(i.HAL_TIM_PWM_Init)
    HAL_TIM_PWM_MspInit                      0x08003a7f   Thumb Code     2  stm32f4xx_hal_tim.o(i.HAL_TIM_PWM_MspInit)
    HAL_TIM_PWM_PulseFinishedCallback        0x08003a81   Thumb Code     2  stm32f4xx_hal_tim.o(i.HAL_TIM_PWM_PulseFinishedCallback)
    HAL_TIM_PWM_Start                        0x08003a85   Thumb Code   238  stm32f4xx_hal_tim.o(i.HAL_TIM_PWM_Start)
    HAL_TIM_PeriodElapsedCallback            0x08003b91   Thumb Code     2  stm32f4xx_hal_tim.o(i.HAL_TIM_PeriodElapsedCallback)
    HAL_TIM_SlaveConfigSynchro               0x08003b93   Thumb Code   108  stm32f4xx_hal_tim.o(i.HAL_TIM_SlaveConfigSynchro)
    HAL_TIM_TriggerCallback                  0x08003bff   Thumb Code     2  stm32f4xx_hal_tim.o(i.HAL_TIM_TriggerCallback)
    HAL_UARTEx_ReceiveToIdle_DMA             0x08003c01   Thumb Code   130  stm32f4xx_hal_uart.o(i.HAL_UARTEx_ReceiveToIdle_DMA)
    HAL_UARTEx_RxEventCallback               0x08003c85   Thumb Code    78  uart_mid.o(i.HAL_UARTEx_RxEventCallback)
    HAL_UART_ErrorCallback                   0x08003ce9   Thumb Code     2  stm32f4xx_hal_uart.o(i.HAL_UART_ErrorCallback)
    HAL_UART_IRQHandler                      0x08003ced   Thumb Code   732  stm32f4xx_hal_uart.o(i.HAL_UART_IRQHandler)
    HAL_UART_Init                            0x08003fcd   Thumb Code   114  stm32f4xx_hal_uart.o(i.HAL_UART_Init)
    HAL_UART_MspInit                         0x08004041   Thumb Code   256  usart.o(i.HAL_UART_MspInit)
    HAL_UART_RxCpltCallback                  0x08004159   Thumb Code     2  stm32f4xx_hal_uart.o(i.HAL_UART_RxCpltCallback)
    HAL_UART_RxHalfCpltCallback              0x0800415b   Thumb Code     2  stm32f4xx_hal_uart.o(i.HAL_UART_RxHalfCpltCallback)
    HAL_UART_Transmit                        0x0800415d   Thumb Code   210  stm32f4xx_hal_uart.o(i.HAL_UART_Transmit)
    HAL_UART_Transmit_DMA                    0x08004231   Thumb Code   160  stm32f4xx_hal_uart.o(i.HAL_UART_Transmit_DMA)
    HAL_UART_TxCpltCallback                  0x080042dd   Thumb Code    16  uart_mid.o(i.HAL_UART_TxCpltCallback)
    HAL_UART_TxHalfCpltCallback              0x080042f5   Thumb Code     2  stm32f4xx_hal_uart.o(i.HAL_UART_TxHalfCpltCallback)
    HardFault_Handler                        0x080042f7   Thumb Code     4  stm32f4xx_it.o(i.HardFault_Handler)
    M1A_EN_High                              0x080042fd   Thumb Code    14  gpio.o(i.M1A_EN_High)
    M1B_EN_High                              0x08004311   Thumb Code    14  gpio.o(i.M1B_EN_High)
    M1_Motor_PWM                             0x08004325   Thumb Code   164  h_motor_mid.o(i.M1_Motor_PWM)
    M1_PWM_EN_Enable                         0x080043d5   Thumb Code    12  h_motor_mid.o(i.M1_PWM_EN_Enable)
    M1_PWM_Planner_Init                      0x080043e1   Thumb Code   174  function_m1.o(i.M1_PWM_Planner_Init)
    M1_PWM_Planning                          0x080044a9   Thumb Code   134  function_m1.o(i.M1_PWM_Planning)
    M3A_EN_High                              0x08004545   Thumb Code    14  gpio.o(i.M3A_EN_High)
    M3B_EN_High                              0x08004559   Thumb Code    14  gpio.o(i.M3B_EN_High)
    M3_Motor_PWM                             0x0800456d   Thumb Code   164  h_motor_mid.o(i.M3_Motor_PWM)
    M3_PWM_EN_Enable                         0x0800461d   Thumb Code    12  h_motor_mid.o(i.M3_PWM_EN_Enable)
    MX_ADC1_Init                             0x08004629   Thumb Code   432  adc.o(i.MX_ADC1_Init)
    MX_ADC2_Init                             0x080047e1   Thumb Code   334  adc.o(i.MX_ADC2_Init)
    MX_ADC3_Init                             0x08004939   Thumb Code   382  adc.o(i.MX_ADC3_Init)
    MX_CAN2_Init                             0x08004ac1   Thumb Code   104  can.o(i.MX_CAN2_Init)
    MX_CRC_Init                              0x08004b35   Thumb Code    22  crc.o(i.MX_CRC_Init)
    MX_DMA_Init                              0x08004b55   Thumb Code    66  dma.o(i.MX_DMA_Init)
    MX_GPIO_Init                             0x08004b9d   Thumb Code   316  gpio.o(i.MX_GPIO_Init)
    MX_TIM1_Init                             0x08004d59   Thumb Code   360  tim.o(i.MX_TIM1_Init)
    MX_TIM2_Init                             0x08004ec9   Thumb Code   104  tim.o(i.MX_TIM2_Init)
    MX_TIM3_Init                             0x08004f35   Thumb Code   202  tim.o(i.MX_TIM3_Init)
    MX_TIM4_Init                             0x08005009   Thumb Code   206  tim.o(i.MX_TIM4_Init)
    MX_TIM8_Init                             0x080050e1   Thumb Code   296  tim.o(i.MX_TIM8_Init)
    MX_USART2_UART_Init                      0x08005211   Thumb Code    46  usart.o(i.MX_USART2_UART_Init)
    MemManage_Handler                        0x08005249   Thumb Code     4  stm32f4xx_it.o(i.MemManage_Handler)
    NMI_Handler                              0x0800524d   Thumb Code     8  stm32f4xx_it.o(i.NMI_Handler)
    PID_Compute                              0x08005255   Thumb Code   186  control_motor_mid.o(i.PID_Compute)
    PID_Init                                 0x08005311   Thumb Code    58  control_motor_mid.o(i.PID_Init)
    PendSV_Handler                           0x08005359   Thumb Code     2  stm32f4xx_it.o(i.PendSV_Handler)
    SVC_Handler                              0x0800535b   Thumb Code     2  stm32f4xx_it.o(i.SVC_Handler)
    SysInit_main                             0x0800535d   Thumb Code    58  system_configuration.o(i.SysInit_main)
    SysTick_Handler                          0x080053a9   Thumb Code    12  stm32f4xx_it.o(i.SysTick_Handler)
    SystemClock_Config                       0x080053b5   Thumb Code   176  main.o(i.SystemClock_Config)
    SystemInit                               0x0800546d   Thumb Code    24  system_stm32f4xx.o(i.SystemInit)
    TIM3_IRQHandler                          0x08005489   Thumb Code    10  stm32f4xx_it.o(i.TIM3_IRQHandler)
    TIM_Base_SetConfig                       0x08005499   Thumb Code   170  stm32f4xx_hal_tim.o(i.TIM_Base_SetConfig)
    TIM_CCxChannelCmd                        0x08005571   Thumb Code    34  stm32f4xx_hal_tim.o(i.TIM_CCxChannelCmd)
    TIM_ETR_SetConfig                        0x08005593   Thumb Code    22  stm32f4xx_hal_tim.o(i.TIM_ETR_SetConfig)
    TIM_OC2_SetConfig                        0x0800562d   Thumb Code   114  stm32f4xx_hal_tim.o(i.TIM_OC2_SetConfig)
    TaskInit                                 0x08005875   Thumb Code   256  schedulerbalance.o(i.TaskInit)
    TaskScheduler                            0x08005991   Thumb Code   502  schedulerbalance.o(i.TaskScheduler)
    UART_Poll                                0x08005df5   Thumb Code     8  uart_mid.o(i.UART_Poll)
    UART_Start_Receive_DMA                   0x08006121   Thumb Code   196  stm32f4xx_hal_uart.o(i.UART_Start_Receive_DMA)
    USART2_IRQHandler                        0x080062e5   Thumb Code    10  stm32f4xx_it.o(i.USART2_IRQHandler)
    USART_Pakage_Recv                        0x080062f5   Thumb Code     2  uart_mid.o(i.USART_Pakage_Recv)
    USART_Pakage_Send                        0x080062f9   Thumb Code    34  uart_mid.o(i.USART_Pakage_Send)
    UsageFault_Handler                       0x08006329   Thumb Code     4  stm32f4xx_it.o(i.UsageFault_Handler)
    User_ADC_Init                            0x0800632d   Thumb Code    48  adc.o(i.User_ADC_Init)
    User_CAN2_Init                           0x08006371   Thumb Code   224  can.o(i.User_CAN2_Init)
    User_Tim_Init                            0x08006459   Thumb Code    74  tim.o(i.User_Tim_Init)
    User_USART2_UART_Init                    0x080064b9   Thumb Code   122  usart.o(i.User_USART2_UART_Init)
    While_Run_Freq_Cnt_Isr                   0x08006541   Thumb Code    78  system_configuration.o(i.While_Run_Freq_Cnt_Isr)
    ZFS_PWM_Planner_Init                     0x080065a9   Thumb Code   174  function_zfs.o(i.ZFS_PWM_Planner_Init)
    ZeroFlux_Control                         0x08006671   Thumb Code   118  function_zfs.o(i.ZeroFlux_Control)
    __hardfp_fabs                            0x0800672d   Thumb Code    20  fabs.o(i.__hardfp_fabs)
    __hardfp_fmaxf                           0x08006741   Thumb Code    72  fmaxf.o(i.__hardfp_fmaxf)
    __hardfp_fminf                           0x08006789   Thumb Code    72  fminf.o(i.__hardfp_fminf)
    control_PWM_Mode                         0x080067d1   Thumb Code   194  control_motor_mid.o(i.control_PWM_Mode)
    get_ADC123_Value                         0x0800689d   Thumb Code   640  adc_mid.o(i.get_ADC123_Value)
    get_FlashFuse_Status                     0x08006b45   Thumb Code     2  system_configuration.o(i.get_FlashFuse_Status)
    main                                     0x08006b49   Thumb Code   120  main.o(i.main)
    read_MUX12_Status                        0x08006bd1   Thumb Code   362  adc_mid.o(i.read_MUX12_Status)
    read_MUX_Poll                            0x08006d51   Thumb Code    78  adc_mid.o(i.read_MUX_Poll)
    red_off                                  0x08006da9   Thumb Code    14  gpio.o(i.red_off)
    red_on                                   0x08006dbd   Thumb Code    14  gpio.o(i.red_on)
    relay_adjust                             0x08006dd1   Thumb Code   106  system_configuration.o(i.relay_adjust)
    set_TIM1_Duty                            0x08006e49   Thumb Code   106  tim.o(i.set_TIM1_Duty)
    set_TIM4_Duty                            0x08006ec5   Thumb Code   106  tim.o(i.set_TIM4_Duty)
    set_TIM8_Duty                            0x08006f41   Thumb Code   106  tim.o(i.set_TIM8_Duty)
    __fpl_dcmp_Inf                           0x08006fbd   Thumb Code    24  dcmpi.o(x$fpl$dcmpinf)
    __aeabi_cdcmple                          0x08006fd5   Thumb Code     0  dleqf.o(x$fpl$dleqf)
    _dcmple                                  0x08006fd5   Thumb Code   120  dleqf.o(x$fpl$dleqf)
    __fpl_dcmple_InfNaN                      0x08007037   Thumb Code     0  dleqf.o(x$fpl$dleqf)
    __fpl_dnaninf                            0x0800704d   Thumb Code   156  dnaninf.o(x$fpl$dnaninf)
    __fpl_dretinf                            0x080070e9   Thumb Code    12  dretinf.o(x$fpl$dretinf)
    __aeabi_cdrcmple                         0x080070f5   Thumb Code     0  drleqf.o(x$fpl$drleqf)
    _drcmple                                 0x080070f5   Thumb Code   108  drleqf.o(x$fpl$drleqf)
    __aeabi_f2d                              0x08007161   Thumb Code     0  f2d.o(x$fpl$f2d)
    _f2d                                     0x08007161   Thumb Code    86  f2d.o(x$fpl$f2d)
    __fcmp4                                  0x080071b9   Thumb Code    24  fcmp4.o(x$fpl$fcmp4)
    __ARM_fcmp4                              0x080071d1   Thumb Code     0  fcmp4.o(x$fpl$fcmp4)
    _fcmp4                                   0x080071d1   Thumb Code    58  fcmp4.o(x$fpl$fcmp4)
    __fpl_fcmp_Inf                           0x0800720b   Thumb Code    24  fcmpi.o(x$fpl$fcmpinf)
    __fpl_fnaninf                            0x08007223   Thumb Code   140  fnaninf.o(x$fpl$fnaninf)
    _fp_init                                 0x080072af   Thumb Code    10  fpinit.o(x$fpl$fpinit)
    __fplib_config_fpu_vfp                   0x080072b7   Thumb Code     0  fpinit.o(x$fpl$fpinit)
    __fplib_config_pureend_doubles           0x080072b7   Thumb Code     0  fpinit.o(x$fpl$fpinit)
    __I$use$fp                               0x080072b8   Number         0  usenofp.o(x$fpl$usenofp)
    AHBPrescTable                            0x080072c0   Data          16  system_stm32f4xx.o(.constdata)
    APBPrescTable                            0x080072d0   Data           8  system_stm32f4xx.o(.constdata)
    Region$$Table$$Base                      0x080072d8   Number         0  anon$$obj.o(Region$$Table)
    Region$$Table$$Limit                     0x080072f8   Number         0  anon$$obj.o(Region$$Table)
    relay_hold_cnt                           0x200000e0   Data           2  system_configuration.o(.data)
    system_cnt                               0x200000e2   Data           1  system_configuration.o(.data)
    PWM_duty_test                            0x200000e4   Data           4  system_configuration.o(.data)
    PWM_duty_test1                           0x200000e8   Data           4  system_configuration.o(.data)
    CurrentZeroOffsetReadFlg                 0x200000ec   Data           1  main.o(.data)
    selfcheck_state                          0x200000ed   Data           1  main.o(.data)
    ADC_DMA_Address                          0x200000ee   Data           1  adc.o(.data)
    ADC_ActiveBuffer_AddressStart            0x200000f0   Data           2  adc.o(.data)
    ADC_DMA_Update_Flag                      0x200000f2   Data           1  adc.o(.data)
    hcrc                                     0x200000f4   Data           8  crc.o(.data)
    ADC_SampleErr_Cnt                        0x200000fc   Data           1  tim.o(.data)
    ADC_err                                  0x200000fd   Data           1  tim.o(.data)
    uwTick                                   0x20000100   Data           4  stm32f4xx_hal.o(.data)
    uwTickPrio                               0x20000104   Data           4  stm32f4xx_hal.o(.data)
    uwTickFreq                               0x20000108   Data           1  stm32f4xx_hal.o(.data)
    SystemCoreClock                          0x2000010c   Data           4  system_stm32f4xx.o(.data)
    g_MuxChlSel                              0x20000110   Data           1  adc_mid.o(.data)
    ShutInputDetectFlag                      0x20000111   Data           1  adc_mid.o(.data)
    ADC_Compare_Threshold                    0x20000114   Data          12  adc_mid.o(.data)
    g_M1_A_Current_ZeroOffsetV               0x20000120   Data           2  adc_mid.o(.data)
    g_M1_B_Current_ZeroOffsetV               0x20000122   Data           2  adc_mid.o(.data)
    g_M2_A_Current_ZeroOffsetV               0x20000124   Data           2  adc_mid.o(.data)
    g_M2_B_Current_ZeroOffsetV               0x20000126   Data           2  adc_mid.o(.data)
    g_M3_A_Current_ZeroOffsetV               0x20000128   Data           2  adc_mid.o(.data)
    g_M3_B_Current_ZeroOffsetV               0x2000012a   Data           2  adc_mid.o(.data)
    Analog_Mux_Data                          0x2000012c   Data         320  adc_mid.o(.data)
    ADC_Data                                 0x2000026c   Data         440  adc_mid.o(.data)
    ADC_MotorCurrent_Params                  0x20000424   Data         264  adc_mid.o(.data)
    USART_TxMessage                          0x20000530   Data           8  uart_mid.o(.data)
    USART_RxMessage                          0x20000538   Data           8  uart_mid.o(.data)
    rx_len                                   0x20000540   Data           2  uart_mid.o(.data)
    test                                     0x20000542   Data           1  uart_mid.o(.data)
    task_err_t                               0x20000544   Data           8  schedulerbalance.o(.data)
    task_t                                   0x2000054c   Data          32  schedulerbalance.o(.data)
    test_PWM_M1                              0x2000058c   Data           4  function_m1.o(.data)
    mFuntion_Manage                          0x20000594   Data          16  system_configuration.o(.bss)
    aADCTripleConvertedValue1                0x200005a4   Data         288  adc.o(.bss)
    aADCTripleConvertedValue2                0x200006c4   Data         288  adc.o(.bss)
    aADCTripleConvertedValue                 0x200007e4   Data         576  adc.o(.bss)
    hadc1                                    0x20000a24   Data          72  adc.o(.bss)
    hadc2                                    0x20000a6c   Data          72  adc.o(.bss)
    hadc3                                    0x20000ab4   Data          72  adc.o(.bss)
    hdma_adc1                                0x20000afc   Data          96  adc.o(.bss)
    sFilterConfig                            0x20000b5c   Data          40  can.o(.bss)
    hcan2                                    0x20000b84   Data          40  can.o(.bss)
    htim1                                    0x20000bac   Data          72  tim.o(.bss)
    htim2                                    0x20000bf4   Data          72  tim.o(.bss)
    htim3                                    0x20000c3c   Data          72  tim.o(.bss)
    htim4                                    0x20000c84   Data          72  tim.o(.bss)
    htim8                                    0x20000ccc   Data          72  tim.o(.bss)
    USARTx_DMA_RX_Buffer                     0x20000d14   Data          48  usart.o(.bss)
    USARTx_DMA_TX_Buffer                     0x20000d44   Data          48  usart.o(.bss)
    huart2                                   0x20000d74   Data          68  usart.o(.bss)
    hdma_usart2_rx                           0x20000db8   Data          96  usart.o(.bss)
    hdma_usart2_tx                           0x20000e18   Data          96  usart.o(.bss)
    ADC_MotorsBsp_IV_Data                    0x20000e78   Data         360  adc_mid.o(.bss)
    InputStatus_List                         0x20000fe0   Data          19  adc_mid.o(.bss)
    ADCVoltage_List                          0x20000ff4   Data         156  adc_mid.o(.bss)
    TxMessage                                0x20001090   Data          20  can_mid.o(.bss)
    RxMessage                                0x200010a4   Data          20  can_mid.o(.bss)
    CAN_RxHeader                             0x200010b8   Data          28  can_mid.o(.bss)
    CAN_TxHeader                             0x200010d4   Data          24  can_mid.o(.bss)
    USARTx_Manage                            0x200010ec   Data         106  uart_mid.o(.bss)
    M1_PWM_Planner                           0x20001158   Data          44  function_m1.o(.bss)
    ZFS_PWM_Planner                          0x200011b4   Data          44  function_zfs.o(.bss)
    __libspace_start                         0x2000122c   Data          96  libspace.o(.bss)
    __temporary_stack_top$libspace           0x2000128c   Data           0  libspace.o(.bss)



==============================================================================

Memory Map of the image

  Image Entry point : 0x08000189

  Load Region LR_IROM1 (Base: 0x08000000, Size: 0x000077ac, Max: 0x00100000, ABSOLUTE, COMPRESSED[0x0000745c])

    Execution Region ER_IROM1 (Exec base: 0x08000000, Load base: 0x08000000, Size: 0x000072f8, Max: 0x00100000, ABSOLUTE)

    Exec Addr    Load Addr    Size         Type   Attr      Idx    E Section Name        Object

    0x08000000   0x08000000   0x00000188   Data   RO            3    RESET               startup_stm32f407xx.o
    0x08000188   0x08000188   0x00000008   Code   RO         4532  * !!!main             c_w.l(__main.o)
    0x08000190   0x08000190   0x00000034   Code   RO         4736    !!!scatter          c_w.l(__scatter.o)
    0x080001c4   0x080001c4   0x0000005a   Code   RO         4734    !!dczerorl2         c_w.l(__dczerorl2.o)
    0x0800021e   0x0800021e   0x00000002   PAD
    0x08000220   0x08000220   0x0000001c   Code   RO         4738    !!handler_zi        c_w.l(__scatter_zi.o)
    0x0800023c   0x0800023c   0x00000002   Code   RO         4604    .ARM.Collect$$libinit$$00000000  c_w.l(libinit.o)
    0x0800023e   0x0800023e   0x00000004   Code   RO         4616    .ARM.Collect$$libinit$$00000001  c_w.l(libinit2.o)
    0x08000242   0x08000242   0x00000000   Code   RO         4619    .ARM.Collect$$libinit$$00000004  c_w.l(libinit2.o)
    0x08000242   0x08000242   0x00000000   Code   RO         4622    .ARM.Collect$$libinit$$0000000A  c_w.l(libinit2.o)
    0x08000242   0x08000242   0x00000000   Code   RO         4624    .ARM.Collect$$libinit$$0000000C  c_w.l(libinit2.o)
    0x08000242   0x08000242   0x00000000   Code   RO         4626    .ARM.Collect$$libinit$$0000000E  c_w.l(libinit2.o)
    0x08000242   0x08000242   0x00000000   Code   RO         4629    .ARM.Collect$$libinit$$00000011  c_w.l(libinit2.o)
    0x08000242   0x08000242   0x00000000   Code   RO         4631    .ARM.Collect$$libinit$$00000013  c_w.l(libinit2.o)
    0x08000242   0x08000242   0x00000000   Code   RO         4633    .ARM.Collect$$libinit$$00000015  c_w.l(libinit2.o)
    0x08000242   0x08000242   0x00000000   Code   RO         4635    .ARM.Collect$$libinit$$00000017  c_w.l(libinit2.o)
    0x08000242   0x08000242   0x00000000   Code   RO         4637    .ARM.Collect$$libinit$$00000019  c_w.l(libinit2.o)
    0x08000242   0x08000242   0x00000000   Code   RO         4639    .ARM.Collect$$libinit$$0000001B  c_w.l(libinit2.o)
    0x08000242   0x08000242   0x00000000   Code   RO         4641    .ARM.Collect$$libinit$$0000001D  c_w.l(libinit2.o)
    0x08000242   0x08000242   0x00000000   Code   RO         4643    .ARM.Collect$$libinit$$0000001F  c_w.l(libinit2.o)
    0x08000242   0x08000242   0x00000000   Code   RO         4645    .ARM.Collect$$libinit$$00000021  c_w.l(libinit2.o)
    0x08000242   0x08000242   0x00000000   Code   RO         4647    .ARM.Collect$$libinit$$00000023  c_w.l(libinit2.o)
    0x08000242   0x08000242   0x00000000   Code   RO         4649    .ARM.Collect$$libinit$$00000025  c_w.l(libinit2.o)
    0x08000242   0x08000242   0x00000000   Code   RO         4653    .ARM.Collect$$libinit$$0000002C  c_w.l(libinit2.o)
    0x08000242   0x08000242   0x00000000   Code   RO         4655    .ARM.Collect$$libinit$$0000002E  c_w.l(libinit2.o)
    0x08000242   0x08000242   0x00000000   Code   RO         4657    .ARM.Collect$$libinit$$00000030  c_w.l(libinit2.o)
    0x08000242   0x08000242   0x00000000   Code   RO         4659    .ARM.Collect$$libinit$$00000032  c_w.l(libinit2.o)
    0x08000242   0x08000242   0x00000002   Code   RO         4660    .ARM.Collect$$libinit$$00000033  c_w.l(libinit2.o)
    0x08000244   0x08000244   0x00000002   Code   RO         4691    .ARM.Collect$$libshutdown$$00000000  c_w.l(libshutdown.o)
    0x08000246   0x08000246   0x00000000   Code   RO         4717    .ARM.Collect$$libshutdown$$00000002  c_w.l(libshutdown2.o)
    0x08000246   0x08000246   0x00000000   Code   RO         4719    .ARM.Collect$$libshutdown$$00000004  c_w.l(libshutdown2.o)
    0x08000246   0x08000246   0x00000000   Code   RO         4722    .ARM.Collect$$libshutdown$$00000007  c_w.l(libshutdown2.o)
    0x08000246   0x08000246   0x00000000   Code   RO         4725    .ARM.Collect$$libshutdown$$0000000A  c_w.l(libshutdown2.o)
    0x08000246   0x08000246   0x00000000   Code   RO         4727    .ARM.Collect$$libshutdown$$0000000C  c_w.l(libshutdown2.o)
    0x08000246   0x08000246   0x00000000   Code   RO         4730    .ARM.Collect$$libshutdown$$0000000F  c_w.l(libshutdown2.o)
    0x08000246   0x08000246   0x00000002   Code   RO         4731    .ARM.Collect$$libshutdown$$00000010  c_w.l(libshutdown2.o)
    0x08000248   0x08000248   0x00000000   Code   RO         4552    .ARM.Collect$$rtentry$$00000000  c_w.l(__rtentry.o)
    0x08000248   0x08000248   0x00000000   Code   RO         4569    .ARM.Collect$$rtentry$$00000002  c_w.l(__rtentry2.o)
    0x08000248   0x08000248   0x00000006   Code   RO         4581    .ARM.Collect$$rtentry$$00000004  c_w.l(__rtentry4.o)
    0x0800024e   0x0800024e   0x00000000   Code   RO         4571    .ARM.Collect$$rtentry$$00000009  c_w.l(__rtentry2.o)
    0x0800024e   0x0800024e   0x00000004   Code   RO         4572    .ARM.Collect$$rtentry$$0000000A  c_w.l(__rtentry2.o)
    0x08000252   0x08000252   0x00000000   Code   RO         4574    .ARM.Collect$$rtentry$$0000000C  c_w.l(__rtentry2.o)
    0x08000252   0x08000252   0x00000008   Code   RO         4575    .ARM.Collect$$rtentry$$0000000D  c_w.l(__rtentry2.o)
    0x0800025a   0x0800025a   0x00000002   Code   RO         4608    .ARM.Collect$$rtexit$$00000000  c_w.l(rtexit.o)
    0x0800025c   0x0800025c   0x00000000   Code   RO         4664    .ARM.Collect$$rtexit$$00000002  c_w.l(rtexit2.o)
    0x0800025c   0x0800025c   0x00000004   Code   RO         4665    .ARM.Collect$$rtexit$$00000003  c_w.l(rtexit2.o)
    0x08000260   0x08000260   0x00000006   Code   RO         4666    .ARM.Collect$$rtexit$$00000004  c_w.l(rtexit2.o)
    0x08000266   0x08000266   0x00000002   PAD
    0x08000268   0x08000268   0x00000040   Code   RO            4    .text               startup_stm32f407xx.o
    0x080002a8   0x080002a8   0x000000ee   Code   RO         4526    .text               c_w.l(lludivv7m.o)
    0x08000396   0x08000396   0x0000004e   Code   RO         4528    .text               c_w.l(rt_memclr_w.o)
    0x080003e4   0x080003e4   0x00000006   Code   RO         4530    .text               c_w.l(heapauxi.o)
    0x080003ea   0x080003ea   0x0000004a   Code   RO         4591    .text               c_w.l(sys_stackheap_outer.o)
    0x08000434   0x08000434   0x00000012   Code   RO         4593    .text               c_w.l(exit.o)
    0x08000446   0x08000446   0x00000002   PAD
    0x08000448   0x08000448   0x00000008   Code   RO         4605    .text               c_w.l(libspace.o)
    0x08000450   0x08000450   0x0000000c   Code   RO         4661    .text               c_w.l(sys_exit.o)
    0x0800045c   0x0800045c   0x00000002   Code   RO         4680    .text               c_w.l(use_no_semi.o)
    0x0800045e   0x0800045e   0x00000000   Code   RO         4682    .text               c_w.l(indicate_semi.o)
    0x0800045e   0x0800045e   0x00000002   PAD
    0x08000460   0x08000460   0x00000024   Code   RO          765    i.ADC_IRQHandler    stm32f4xx_it.o
    0x08000484   0x08000484   0x00000160   Code   RO          916    i.ADC_Init          stm32f4xx_hal_adc.o
    0x080005e4   0x080005e4   0x00000138   Code   RO         4152    i.ADC_MUX_Param_Init  adc_mid.o
    0x0800071c   0x0800071c   0x0000006e   Code   RO         1083    i.ADC_MultiModeDMAConvCplt  stm32f4xx_hal_adc_ex.o
    0x0800078a   0x0800078a   0x0000001a   Code   RO         1084    i.ADC_MultiModeDMAError  stm32f4xx_hal_adc_ex.o
    0x080007a4   0x080007a4   0x0000000e   Code   RO         1085    i.ADC_MultiModeDMAHalfConvCplt  stm32f4xx_hal_adc_ex.o
    0x080007b2   0x080007b2   0x00000002   PAD
    0x080007b4   0x080007b4   0x0000002c   Code   RO          415    i.ADC_MultiModeDMARequestAfterLastTransferCmd  adc.o
    0x080007e0   0x080007e0   0x000001e4   Code   RO         4153    i.ADC_Mux12_Channel_Poll  adc_mid.o
    0x080009c4   0x080009c4   0x000000fc   Code   RO         4154    i.ADC_to_voltage    adc_mid.o
    0x08000ac0   0x08000ac0   0x00000004   Code   RO          766    i.BusFault_Handler  stm32f4xx_it.o
    0x08000ac4   0x08000ac4   0x00000010   Code   RO          767    i.CAN2_RX0_IRQHandler  stm32f4xx_it.o
    0x08000ad4   0x08000ad4   0x00000064   Code   RO         4216    i.CAN_Send          can_mid.o
    0x08000b38   0x08000b38   0x00000010   Code   RO          768    i.DMA1_Stream5_IRQHandler  stm32f4xx_it.o
    0x08000b48   0x08000b48   0x00000010   Code   RO          769    i.DMA1_Stream6_IRQHandler  stm32f4xx_it.o
    0x08000b58   0x08000b58   0x00000028   Code   RO          770    i.DMA2_Stream0_IRQHandler  stm32f4xx_it.o
    0x08000b80   0x08000b80   0x00000034   Code   RO         1695    i.DMA_CalcBaseAndBitshift  stm32f4xx_hal_dma.o
    0x08000bb4   0x08000bb4   0x000000aa   Code   RO         1696    i.DMA_CheckFifoParam  stm32f4xx_hal_dma.o
    0x08000c5e   0x08000c5e   0x0000003a   Code   RO          416    i.DMA_ITConfig      adc.o
    0x08000c98   0x08000c98   0x0000002c   Code   RO         1697    i.DMA_SetConfig     stm32f4xx_hal_dma.o
    0x08000cc4   0x08000cc4   0x00000002   Code   RO          771    i.DebugMon_Handler  stm32f4xx_it.o
    0x08000cc6   0x08000cc6   0x00000006   Code   RO          246    i.Error_Handler     main.o
    0x08000ccc   0x08000ccc   0x00000002   Code   RO           13    i.FlashWriteFuse    system_configuration.o
    0x08000cce   0x08000cce   0x00000002   Code   RO         1087    i.HAL_ADCEx_InjectedConvCpltCallback  stm32f4xx_hal_adc_ex.o
    0x08000cd0   0x08000cd0   0x00000060   Code   RO         1094    i.HAL_ADCEx_MultiModeConfigChannel  stm32f4xx_hal_adc_ex.o
    0x08000d30   0x08000d30   0x0000013c   Code   RO         1096    i.HAL_ADCEx_MultiModeStart_DMA  stm32f4xx_hal_adc_ex.o
    0x08000e6c   0x08000e6c   0x00000088   Code   RO          917    i.HAL_ADC_AnalogWDGConfig  stm32f4xx_hal_adc.o
    0x08000ef4   0x08000ef4   0x0000018c   Code   RO          918    i.HAL_ADC_ConfigChannel  stm32f4xx_hal_adc.o
    0x08001080   0x08001080   0x00000002   Code   RO          919    i.HAL_ADC_ConvCpltCallback  stm32f4xx_hal_adc.o
    0x08001082   0x08001082   0x00000002   PAD
    0x08001084   0x08001084   0x000000d8   Code   RO          417    i.HAL_ADC_ConvCpltCallback1  adc.o
    0x0800115c   0x0800115c   0x00000002   Code   RO          920    i.HAL_ADC_ConvHalfCpltCallback  stm32f4xx_hal_adc.o
    0x0800115e   0x0800115e   0x00000002   Code   RO          922    i.HAL_ADC_ErrorCallback  stm32f4xx_hal_adc.o
    0x08001160   0x08001160   0x00000162   Code   RO          926    i.HAL_ADC_IRQHandler  stm32f4xx_hal_adc.o
    0x080012c2   0x080012c2   0x00000002   PAD
    0x080012c4   0x080012c4   0x00000068   Code   RO          927    i.HAL_ADC_Init      stm32f4xx_hal_adc.o
    0x0800132c   0x0800132c   0x00000002   Code   RO          928    i.HAL_ADC_LevelOutOfWindowCallback  stm32f4xx_hal_adc.o
    0x0800132e   0x0800132e   0x00000002   PAD
    0x08001330   0x08001330   0x000001fc   Code   RO          419    i.HAL_ADC_MspInit   adc.o
    0x0800152c   0x0800152c   0x0000014c   Code   RO          933    i.HAL_ADC_Start     stm32f4xx_hal_adc.o
    0x08001678   0x08001678   0x00000002   Code   RO          420    i.HAL_AD_RegisterCallback  adc.o
    0x0800167a   0x0800167a   0x0000002a   Code   RO         2374    i.HAL_CAN_ActivateNotification  stm32f4xx_hal_can.o
    0x080016a4   0x080016a4   0x00000156   Code   RO         2375    i.HAL_CAN_AddTxMessage  stm32f4xx_hal_can.o
    0x080017fa   0x080017fa   0x00000002   PAD
    0x080017fc   0x080017fc   0x00000124   Code   RO         2376    i.HAL_CAN_ConfigFilter  stm32f4xx_hal_can.o
    0x08001920   0x08001920   0x00000002   Code   RO         2379    i.HAL_CAN_ErrorCallback  stm32f4xx_hal_can.o
    0x08001922   0x08001922   0x00000028   Code   RO         2381    i.HAL_CAN_GetRxFifoFillLevel  stm32f4xx_hal_can.o
    0x0800194a   0x0800194a   0x0000017a   Code   RO         2382    i.HAL_CAN_GetRxMessage  stm32f4xx_hal_can.o
    0x08001ac4   0x08001ac4   0x0000024e   Code   RO         2386    i.HAL_CAN_IRQHandler  stm32f4xx_hal_can.o
    0x08001d12   0x08001d12   0x00000174   Code   RO         2387    i.HAL_CAN_Init      stm32f4xx_hal_can.o
    0x08001e86   0x08001e86   0x00000002   PAD
    0x08001e88   0x08001e88   0x000000a8   Code   RO          501    i.HAL_CAN_MspInit   can.o
    0x08001f30   0x08001f30   0x0000005c   Code   RO         4217    i.HAL_CAN_RxFifo0FullCallback  can_mid.o
    0x08001f8c   0x08001f8c   0x0000005c   Code   RO         4218    i.HAL_CAN_RxFifo0MsgPendingCallback  can_mid.o
    0x08001fe8   0x08001fe8   0x00000002   Code   RO         2396    i.HAL_CAN_RxFifo1FullCallback  stm32f4xx_hal_can.o
    0x08001fea   0x08001fea   0x00000002   Code   RO         2397    i.HAL_CAN_RxFifo1MsgPendingCallback  stm32f4xx_hal_can.o
    0x08001fec   0x08001fec   0x00000002   Code   RO         2398    i.HAL_CAN_SleepCallback  stm32f4xx_hal_can.o
    0x08001fee   0x08001fee   0x0000005e   Code   RO         2399    i.HAL_CAN_Start     stm32f4xx_hal_can.o
    0x0800204c   0x0800204c   0x00000002   Code   RO         2401    i.HAL_CAN_TxMailbox0AbortCallback  stm32f4xx_hal_can.o
    0x0800204e   0x0800204e   0x00000002   Code   RO         2402    i.HAL_CAN_TxMailbox0CompleteCallback  stm32f4xx_hal_can.o
    0x08002050   0x08002050   0x00000002   Code   RO         2403    i.HAL_CAN_TxMailbox1AbortCallback  stm32f4xx_hal_can.o
    0x08002052   0x08002052   0x00000002   Code   RO         2404    i.HAL_CAN_TxMailbox1CompleteCallback  stm32f4xx_hal_can.o
    0x08002054   0x08002054   0x00000002   Code   RO         2405    i.HAL_CAN_TxMailbox2AbortCallback  stm32f4xx_hal_can.o
    0x08002056   0x08002056   0x00000002   Code   RO         2406    i.HAL_CAN_TxMailbox2CompleteCallback  stm32f4xx_hal_can.o
    0x08002058   0x08002058   0x00000002   Code   RO         2408    i.HAL_CAN_WakeUpFromRxMsgCallback  stm32f4xx_hal_can.o
    0x0800205a   0x0800205a   0x00000020   Code   RO         2611    i.HAL_CRC_Init      stm32f4xx_hal_crc.o
    0x0800207a   0x0800207a   0x00000002   PAD
    0x0800207c   0x0800207c   0x00000034   Code   RO          549    i.HAL_CRC_MspInit   crc.o
    0x080020b0   0x080020b0   0x000000ac   Code   RO         1698    i.HAL_DMA_Abort     stm32f4xx_hal_dma.o
    0x0800215c   0x0800215c   0x00000028   Code   RO         1699    i.HAL_DMA_Abort_IT  stm32f4xx_hal_dma.o
    0x08002184   0x08002184   0x00000240   Code   RO         1703    i.HAL_DMA_IRQHandler  stm32f4xx_hal_dma.o
    0x080023c4   0x080023c4   0x000000ec   Code   RO         1704    i.HAL_DMA_Init      stm32f4xx_hal_dma.o
    0x080024b0   0x080024b0   0x00000092   Code   RO         1708    i.HAL_DMA_Start_IT  stm32f4xx_hal_dma.o
    0x08002542   0x08002542   0x00000002   PAD
    0x08002544   0x08002544   0x00000028   Code   RO         2122    i.HAL_Delay         stm32f4xx_hal.o
    0x0800256c   0x0800256c   0x000001f4   Code   RO         1591    i.HAL_GPIO_Init     stm32f4xx_hal_gpio.o
    0x08002760   0x08002760   0x0000000c   Code   RO         1595    i.HAL_GPIO_WritePin  stm32f4xx_hal_gpio.o
    0x0800276c   0x0800276c   0x0000000c   Code   RO         2128    i.HAL_GetTick       stm32f4xx_hal.o
    0x08002778   0x08002778   0x00000018   Code   RO         2134    i.HAL_IncTick       stm32f4xx_hal.o
    0x08002790   0x08002790   0x0000003c   Code   RO         2135    i.HAL_Init          stm32f4xx_hal.o
    0x080027cc   0x080027cc   0x0000004c   Code   RO          247    i.HAL_InitTick      main.o
    0x08002818   0x08002818   0x00000050   Code   RO          889    i.HAL_MspInit       stm32f4xx_hal_msp.o
    0x08002868   0x08002868   0x00000020   Code   RO         1980    i.HAL_NVIC_EnableIRQ  stm32f4xx_hal_cortex.o
    0x08002888   0x08002888   0x0000007c   Code   RO         1986    i.HAL_NVIC_SetPriority  stm32f4xx_hal_cortex.o
    0x08002904   0x08002904   0x00000028   Code   RO         1987    i.HAL_NVIC_SetPriorityGrouping  stm32f4xx_hal_cortex.o
    0x0800292c   0x0800292c   0x00000002   Code   RO         1191    i.HAL_RCC_CSSCallback  stm32f4xx_hal_rcc.o
    0x0800292e   0x0800292e   0x00000002   PAD
    0x08002930   0x08002930   0x00000184   Code   RO         1192    i.HAL_RCC_ClockConfig  stm32f4xx_hal_rcc.o
    0x08002ab4   0x08002ab4   0x0000000c   Code   RO         1195    i.HAL_RCC_EnableCSS  stm32f4xx_hal_rcc.o
    0x08002ac0   0x08002ac0   0x0000000c   Code   RO         1197    i.HAL_RCC_GetHCLKFreq  stm32f4xx_hal_rcc.o
    0x08002acc   0x08002acc   0x00000020   Code   RO         1199    i.HAL_RCC_GetPCLK1Freq  stm32f4xx_hal_rcc.o
    0x08002aec   0x08002aec   0x00000020   Code   RO         1200    i.HAL_RCC_GetPCLK2Freq  stm32f4xx_hal_rcc.o
    0x08002b0c   0x08002b0c   0x000000b0   Code   RO         1201    i.HAL_RCC_GetSysClockFreq  stm32f4xx_hal_rcc.o
    0x08002bbc   0x08002bbc   0x00000020   Code   RO         1203    i.HAL_RCC_NMI_IRQHandler  stm32f4xx_hal_rcc.o
    0x08002bdc   0x08002bdc   0x0000049c   Code   RO         1204    i.HAL_RCC_OscConfig  stm32f4xx_hal_rcc.o
    0x08003078   0x08003078   0x00000008   Code   RO           14    i.HAL_RegisterCallback  system_configuration.o
    0x08003080   0x08003080   0x00000034   Code   RO         1991    i.HAL_SYSTICK_Config  stm32f4xx_hal_cortex.o
    0x080030b4   0x080030b4   0x00000002   Code   RO         3384    i.HAL_TIMEx_BreakCallback  stm32f4xx_hal_tim_ex.o
    0x080030b6   0x080030b6   0x00000002   Code   RO         3385    i.HAL_TIMEx_CommutCallback  stm32f4xx_hal_tim_ex.o
    0x080030b8   0x080030b8   0x00000074   Code   RO         3387    i.HAL_TIMEx_ConfigBreakDeadTime  stm32f4xx_hal_tim_ex.o
    0x0800312c   0x0800312c   0x000000b4   Code   RO         3403    i.HAL_TIMEx_MasterConfigSynchronization  stm32f4xx_hal_tim_ex.o
    0x080031e0   0x080031e0   0x00000066   Code   RO         2669    i.HAL_TIM_Base_Init  stm32f4xx_hal_tim.o
    0x08003246   0x08003246   0x00000002   PAD
    0x08003248   0x08003248   0x000000ec   Code   RO          615    i.HAL_TIM_Base_MspInit  tim.o
    0x08003334   0x08003334   0x0000009c   Code   RO         2672    i.HAL_TIM_Base_Start  stm32f4xx_hal_tim.o
    0x080033d0   0x080033d0   0x0000010c   Code   RO         2678    i.HAL_TIM_ConfigClockSource  stm32f4xx_hal_tim.o
    0x080034dc   0x080034dc   0x00000002   Code   RO         2703    i.HAL_TIM_IC_CaptureCallback  stm32f4xx_hal_tim.o
    0x080034de   0x080034de   0x00000196   Code   RO         2717    i.HAL_TIM_IRQHandler  stm32f4xx_hal_tim.o
    0x08003674   0x08003674   0x000000fc   Code   RO          616    i.HAL_TIM_MspPostInit  tim.o
    0x08003770   0x08003770   0x00000044   Code   RO          617    i.HAL_TIM_OC_DelayElapsedCallback  tim.o
    0x080037b4   0x080037b4   0x00000160   Code   RO         2727    i.HAL_TIM_OC_Start_IT  stm32f4xx_hal_tim.o
    0x08003914   0x08003914   0x00000104   Code   RO         2741    i.HAL_TIM_PWM_ConfigChannel  stm32f4xx_hal_tim.o
    0x08003a18   0x08003a18   0x00000066   Code   RO         2744    i.HAL_TIM_PWM_Init  stm32f4xx_hal_tim.o
    0x08003a7e   0x08003a7e   0x00000002   Code   RO         2746    i.HAL_TIM_PWM_MspInit  stm32f4xx_hal_tim.o
    0x08003a80   0x08003a80   0x00000002   Code   RO         2747    i.HAL_TIM_PWM_PulseFinishedCallback  stm32f4xx_hal_tim.o
    0x08003a82   0x08003a82   0x00000002   PAD
    0x08003a84   0x08003a84   0x0000010c   Code   RO         2749    i.HAL_TIM_PWM_Start  stm32f4xx_hal_tim.o
    0x08003b90   0x08003b90   0x00000002   Code   RO         2755    i.HAL_TIM_PeriodElapsedCallback  stm32f4xx_hal_tim.o
    0x08003b92   0x08003b92   0x0000006c   Code   RO         2758    i.HAL_TIM_SlaveConfigSynchro  stm32f4xx_hal_tim.o
    0x08003bfe   0x08003bfe   0x00000002   Code   RO         2760    i.HAL_TIM_TriggerCallback  stm32f4xx_hal_tim.o
    0x08003c00   0x08003c00   0x00000082   Code   RO         3660    i.HAL_UARTEx_ReceiveToIdle_DMA  stm32f4xx_hal_uart.o
    0x08003c82   0x08003c82   0x00000002   PAD
    0x08003c84   0x08003c84   0x00000064   Code   RO         4314    i.HAL_UARTEx_RxEventCallback  uart_mid.o
    0x08003ce8   0x08003ce8   0x00000002   Code   RO         3676    i.HAL_UART_ErrorCallback  stm32f4xx_hal_uart.o
    0x08003cea   0x08003cea   0x00000002   PAD
    0x08003cec   0x08003cec   0x000002e0   Code   RO         3679    i.HAL_UART_IRQHandler  stm32f4xx_hal_uart.o
    0x08003fcc   0x08003fcc   0x00000072   Code   RO         3680    i.HAL_UART_Init     stm32f4xx_hal_uart.o
    0x0800403e   0x0800403e   0x00000002   PAD
    0x08004040   0x08004040   0x00000118   Code   RO          718    i.HAL_UART_MspInit  usart.o
    0x08004158   0x08004158   0x00000002   Code   RO         3686    i.HAL_UART_RxCpltCallback  stm32f4xx_hal_uart.o
    0x0800415a   0x0800415a   0x00000002   Code   RO         3687    i.HAL_UART_RxHalfCpltCallback  stm32f4xx_hal_uart.o
    0x0800415c   0x0800415c   0x000000d2   Code   RO         3688    i.HAL_UART_Transmit  stm32f4xx_hal_uart.o
    0x0800422e   0x0800422e   0x00000002   PAD
    0x08004230   0x08004230   0x000000ac   Code   RO         3689    i.HAL_UART_Transmit_DMA  stm32f4xx_hal_uart.o
    0x080042dc   0x080042dc   0x00000018   Code   RO         4315    i.HAL_UART_TxCpltCallback  uart_mid.o
    0x080042f4   0x080042f4   0x00000002   Code   RO         3692    i.HAL_UART_TxHalfCpltCallback  stm32f4xx_hal_uart.o
    0x080042f6   0x080042f6   0x00000004   Code   RO          772    i.HardFault_Handler  stm32f4xx_it.o
    0x080042fa   0x080042fa   0x00000002   PAD
    0x080042fc   0x080042fc   0x00000014   Code   RO          307    i.M1A_EN_High       gpio.o
    0x08004310   0x08004310   0x00000014   Code   RO          309    i.M1B_EN_High       gpio.o
    0x08004324   0x08004324   0x000000b0   Code   RO         4055    i.M1_Motor_PWM      h_motor_mid.o
    0x080043d4   0x080043d4   0x0000000c   Code   RO         4058    i.M1_PWM_EN_Enable  h_motor_mid.o
    0x080043e0   0x080043e0   0x000000c8   Code   RO         4436    i.M1_PWM_Planner_Init  function_m1.o
    0x080044a8   0x080044a8   0x0000009c   Code   RO         4437    i.M1_PWM_Planning   function_m1.o
    0x08004544   0x08004544   0x00000014   Code   RO          315    i.M3A_EN_High       gpio.o
    0x08004558   0x08004558   0x00000014   Code   RO          317    i.M3B_EN_High       gpio.o
    0x0800456c   0x0800456c   0x000000b0   Code   RO         4063    i.M3_Motor_PWM      h_motor_mid.o
    0x0800461c   0x0800461c   0x0000000c   Code   RO         4066    i.M3_PWM_EN_Enable  h_motor_mid.o
    0x08004628   0x08004628   0x000001b8   Code   RO          421    i.MX_ADC1_Init      adc.o
    0x080047e0   0x080047e0   0x00000158   Code   RO          422    i.MX_ADC2_Init      adc.o
    0x08004938   0x08004938   0x00000188   Code   RO          423    i.MX_ADC3_Init      adc.o
    0x08004ac0   0x08004ac0   0x00000074   Code   RO          502    i.MX_CAN2_Init      can.o
    0x08004b34   0x08004b34   0x00000020   Code   RO          550    i.MX_CRC_Init       crc.o
    0x08004b54   0x08004b54   0x00000048   Code   RO          590    i.MX_DMA_Init       dma.o
    0x08004b9c   0x08004b9c   0x00000148   Code   RO          319    i.MX_GPIO_Init      gpio.o
    0x08004ce4   0x08004ce4   0x00000074   Code   RO          248    i.MX_NVIC_Init      main.o
    0x08004d58   0x08004d58   0x00000170   Code   RO          618    i.MX_TIM1_Init      tim.o
    0x08004ec8   0x08004ec8   0x0000006c   Code   RO          619    i.MX_TIM2_Init      tim.o
    0x08004f34   0x08004f34   0x000000d4   Code   RO          620    i.MX_TIM3_Init      tim.o
    0x08005008   0x08005008   0x000000d8   Code   RO          621    i.MX_TIM4_Init      tim.o
    0x080050e0   0x080050e0   0x00000130   Code   RO          622    i.MX_TIM8_Init      tim.o
    0x08005210   0x08005210   0x00000038   Code   RO          719    i.MX_USART2_UART_Init  usart.o
    0x08005248   0x08005248   0x00000004   Code   RO          773    i.MemManage_Handler  stm32f4xx_it.o
    0x0800524c   0x0800524c   0x00000008   Code   RO          774    i.NMI_Handler       stm32f4xx_it.o
    0x08005254   0x08005254   0x000000ba   Code   RO         4272    i.PID_Compute       control_motor_mid.o
    0x0800530e   0x0800530e   0x00000002   PAD
    0x08005310   0x08005310   0x00000048   Code   RO         4273    i.PID_Init          control_motor_mid.o
    0x08005358   0x08005358   0x00000002   Code   RO          775    i.PendSV_Handler    stm32f4xx_it.o
    0x0800535a   0x0800535a   0x00000002   Code   RO          776    i.SVC_Handler       stm32f4xx_it.o
    0x0800535c   0x0800535c   0x0000004c   Code   RO           15    i.SysInit_main      system_configuration.o
    0x080053a8   0x080053a8   0x0000000c   Code   RO          777    i.SysTick_Handler   stm32f4xx_it.o
    0x080053b4   0x080053b4   0x000000b8   Code   RO          249    i.SystemClock_Config  main.o
    0x0800546c   0x0800546c   0x0000001c   Code   RO         4019    i.SystemInit        system_stm32f4xx.o
    0x08005488   0x08005488   0x00000010   Code   RO          778    i.TIM3_IRQHandler   stm32f4xx_it.o
    0x08005498   0x08005498   0x000000d8   Code   RO         2762    i.TIM_Base_SetConfig  stm32f4xx_hal_tim.o
    0x08005570   0x08005570   0x00000022   Code   RO         2763    i.TIM_CCxChannelCmd  stm32f4xx_hal_tim.o
    0x08005592   0x08005592   0x00000016   Code   RO         2773    i.TIM_ETR_SetConfig  stm32f4xx_hal_tim.o
    0x080055a8   0x080055a8   0x00000012   Code   RO         2774    i.TIM_ITRx_SetConfig  stm32f4xx_hal_tim.o
    0x080055ba   0x080055ba   0x00000002   PAD
    0x080055bc   0x080055bc   0x00000070   Code   RO         2775    i.TIM_OC1_SetConfig  stm32f4xx_hal_tim.o
    0x0800562c   0x0800562c   0x0000007c   Code   RO         2776    i.TIM_OC2_SetConfig  stm32f4xx_hal_tim.o
    0x080056a8   0x080056a8   0x00000078   Code   RO         2777    i.TIM_OC3_SetConfig  stm32f4xx_hal_tim.o
    0x08005720   0x08005720   0x00000054   Code   RO         2778    i.TIM_OC4_SetConfig  stm32f4xx_hal_tim.o
    0x08005774   0x08005774   0x000000b2   Code   RO         2779    i.TIM_SlaveTimer_SetConfig  stm32f4xx_hal_tim.o
    0x08005826   0x08005826   0x00000026   Code   RO         2780    i.TIM_TI1_ConfigInputStage  stm32f4xx_hal_tim.o
    0x0800584c   0x0800584c   0x00000028   Code   RO         2782    i.TIM_TI2_ConfigInputStage  stm32f4xx_hal_tim.o
    0x08005874   0x08005874   0x0000011c   Code   RO         4391    i.TaskInit          schedulerbalance.o
    0x08005990   0x08005990   0x00000218   Code   RO         4392    i.TaskScheduler     schedulerbalance.o
    0x08005ba8   0x08005ba8   0x00000014   Code   RO         3693    i.UART_DMAAbortOnError  stm32f4xx_hal_uart.o
    0x08005bbc   0x08005bbc   0x00000050   Code   RO         3694    i.UART_DMAError     stm32f4xx_hal_uart.o
    0x08005c0c   0x08005c0c   0x000000b0   Code   RO         3695    i.UART_DMAReceiveCplt  stm32f4xx_hal_uart.o
    0x08005cbc   0x08005cbc   0x00000020   Code   RO         3697    i.UART_DMARxHalfCplt  stm32f4xx_hal_uart.o
    0x08005cdc   0x08005cdc   0x00000058   Code   RO         3699    i.UART_DMATransmitCplt  stm32f4xx_hal_uart.o
    0x08005d34   0x08005d34   0x0000000e   Code   RO         3701    i.UART_DMATxHalfCplt  stm32f4xx_hal_uart.o
    0x08005d42   0x08005d42   0x0000006c   Code   RO         3703    i.UART_EndRxTransfer  stm32f4xx_hal_uart.o
    0x08005dae   0x08005dae   0x00000020   Code   RO         3704    i.UART_EndTransmit_IT  stm32f4xx_hal_uart.o
    0x08005dce   0x08005dce   0x00000026   Code   RO         3705    i.UART_EndTxTransfer  stm32f4xx_hal_uart.o
    0x08005df4   0x08005df4   0x00000008   Code   RO         4316    i.UART_Poll         uart_mid.o
    0x08005dfc   0x08005dfc   0x000000f8   Code   RO         3706    i.UART_Receive_IT   stm32f4xx_hal_uart.o
    0x08005ef4   0x08005ef4   0x0000022c   Code   RO         3707    i.UART_SetConfig    stm32f4xx_hal_uart.o
    0x08006120   0x08006120   0x000000d0   Code   RO         3708    i.UART_Start_Receive_DMA  stm32f4xx_hal_uart.o
    0x080061f0   0x080061f0   0x00000060   Code   RO         3710    i.UART_Transmit_IT  stm32f4xx_hal_uart.o
    0x08006250   0x08006250   0x00000092   Code   RO         3711    i.UART_WaitOnFlagUntilTimeout  stm32f4xx_hal_uart.o
    0x080062e2   0x080062e2   0x00000002   PAD
    0x080062e4   0x080062e4   0x00000010   Code   RO          779    i.USART2_IRQHandler  stm32f4xx_it.o
    0x080062f4   0x080062f4   0x00000002   Code   RO         4317    i.USART_Pakage_Recv  uart_mid.o
    0x080062f6   0x080062f6   0x00000002   PAD
    0x080062f8   0x080062f8   0x00000030   Code   RO         4318    i.USART_Pakage_Send  uart_mid.o
    0x08006328   0x08006328   0x00000004   Code   RO          780    i.UsageFault_Handler  stm32f4xx_it.o
    0x0800632c   0x0800632c   0x00000044   Code   RO          424    i.User_ADC_Init     adc.o
    0x08006370   0x08006370   0x000000e8   Code   RO          503    i.User_CAN2_Init    can.o
    0x08006458   0x08006458   0x00000060   Code   RO          623    i.User_Tim_Init     tim.o
    0x080064b8   0x080064b8   0x00000088   Code   RO          720    i.User_USART2_UART_Init  usart.o
    0x08006540   0x08006540   0x00000068   Code   RO           17    i.While_Run_Freq_Cnt_Isr  system_configuration.o
    0x080065a8   0x080065a8   0x000000c8   Code   RO         4461    i.ZFS_PWM_Planner_Init  function_zfs.o
    0x08006670   0x08006670   0x00000084   Code   RO         4462    i.ZeroFlux_Control  function_zfs.o
    0x080066f4   0x080066f4   0x00000010   Code   RO         1993    i.__NVIC_GetPriorityGrouping  stm32f4xx_hal_cortex.o
    0x08006704   0x08006704   0x00000028   Code   RO         1994    i.__NVIC_SetPriority  stm32f4xx_hal_cortex.o
    0x0800672c   0x0800672c   0x00000014   Code   RO         4538    i.__hardfp_fabs     m_wm.l(fabs.o)
    0x08006740   0x08006740   0x00000048   Code   RO         4544    i.__hardfp_fmaxf    m_wm.l(fmaxf.o)
    0x08006788   0x08006788   0x00000048   Code   RO         4548    i.__hardfp_fminf    m_wm.l(fminf.o)
    0x080067d0   0x080067d0   0x000000cc   Code   RO         4274    i.control_PWM_Mode  control_motor_mid.o
    0x0800689c   0x0800689c   0x000002a8   Code   RO         4155    i.get_ADC123_Value  adc_mid.o
    0x08006b44   0x08006b44   0x00000002   Code   RO           18    i.get_FlashFuse_Status  system_configuration.o
    0x08006b46   0x08006b46   0x00000002   PAD
    0x08006b48   0x08006b48   0x00000088   Code   RO          250    i.main              main.o
    0x08006bd0   0x08006bd0   0x00000180   Code   RO         4156    i.read_MUX12_Status  adc_mid.o
    0x08006d50   0x08006d50   0x00000058   Code   RO         4157    i.read_MUX_Poll     adc_mid.o
    0x08006da8   0x08006da8   0x00000014   Code   RO          320    i.red_off           gpio.o
    0x08006dbc   0x08006dbc   0x00000014   Code   RO          321    i.red_on            gpio.o
    0x08006dd0   0x08006dd0   0x00000078   Code   RO           19    i.relay_adjust      system_configuration.o
    0x08006e48   0x08006e48   0x0000007c   Code   RO          624    i.set_TIM1_Duty     tim.o
    0x08006ec4   0x08006ec4   0x0000007c   Code   RO          625    i.set_TIM4_Duty     tim.o
    0x08006f40   0x08006f40   0x0000007c   Code   RO          626    i.set_TIM8_Duty     tim.o
    0x08006fbc   0x08006fbc   0x00000018   Code   RO         4585    x$fpl$dcmpinf       fz_wm.l(dcmpi.o)
    0x08006fd4   0x08006fd4   0x00000078   Code   RO         4557    x$fpl$dleqf         fz_wm.l(dleqf.o)
    0x0800704c   0x0800704c   0x0000009c   Code   RO         4587    x$fpl$dnaninf       fz_wm.l(dnaninf.o)
    0x080070e8   0x080070e8   0x0000000c   Code   RO         4559    x$fpl$dretinf       fz_wm.l(dretinf.o)
    0x080070f4   0x080070f4   0x0000006c   Code   RO         4534    x$fpl$drleqf        fz_wm.l(drleqf.o)
    0x08007160   0x08007160   0x00000056   Code   RO         4536    x$fpl$f2d           fz_wm.l(f2d.o)
    0x080071b6   0x080071b6   0x00000002   PAD
    0x080071b8   0x080071b8   0x00000052   Code   RO         4561    x$fpl$fcmp4         fz_wm.l(fcmp4.o)
    0x0800720a   0x0800720a   0x00000018   Code   RO         4589    x$fpl$fcmpinf       fz_wm.l(fcmpi.o)
    0x08007222   0x08007222   0x0000008c   Code   RO         4565    x$fpl$fnaninf       fz_wm.l(fnaninf.o)
    0x080072ae   0x080072ae   0x0000000a   Code   RO         4676    x$fpl$fpinit        fz_wm.l(fpinit.o)
    0x080072b8   0x080072b8   0x00000000   Code   RO         4567    x$fpl$usenofp       fz_wm.l(usenofp.o)
    0x080072b8   0x080072b8   0x00000008   Data   RO         1710    .constdata          stm32f4xx_hal_dma.o
    0x080072c0   0x080072c0   0x00000018   Data   RO         4020    .constdata          system_stm32f4xx.o
    0x080072d8   0x080072d8   0x00000020   Data   RO         4732    Region$$Table       anon$$obj.o


    Execution Region RW_IRAM2 (Exec base: 0x20000000, Load base: 0x0800745c, Size: 0x00000000, Max: 0x000000e0, ABSOLUTE, UNINIT)

    **** No section assigned to this execution region ****


    Execution Region RW_IRAM1 (Exec base: 0x200000e0, Load base: 0x080072f8, Size: 0x00005ab0, Max: 0x0001ff20, ABSOLUTE, COMPRESSED[0x00000164])

    Exec Addr    Load Addr    Size         Type   Attr      Idx    E Section Name        Object

    0x200000e0   COMPRESSED   0x0000000c   Data   RW           21    .data               system_configuration.o
    0x200000ec   COMPRESSED   0x00000002   Data   RW          251    .data               main.o
    0x200000ee   COMPRESSED   0x00000005   Data   RW          426    .data               adc.o
    0x200000f3   COMPRESSED   0x00000001   PAD
    0x200000f4   COMPRESSED   0x00000008   Data   RW          551    .data               crc.o
    0x200000fc   COMPRESSED   0x00000002   Data   RW          628    .data               tim.o
    0x200000fe   COMPRESSED   0x00000002   PAD
    0x20000100   COMPRESSED   0x00000009   Data   RW         2142    .data               stm32f4xx_hal.o
    0x20000109   COMPRESSED   0x00000003   PAD
    0x2000010c   COMPRESSED   0x00000004   Data   RW         4021    .data               system_stm32f4xx.o
    0x20000110   COMPRESSED   0x0000041f   Data   RW         4159    .data               adc_mid.o
    0x2000052f   COMPRESSED   0x00000001   PAD
    0x20000530   COMPRESSED   0x00000013   Data   RW         4320    .data               uart_mid.o
    0x20000543   COMPRESSED   0x00000001   PAD
    0x20000544   COMPRESSED   0x00000046   Data   RW         4393    .data               schedulerbalance.o
    0x2000058a   COMPRESSED   0x00000002   PAD
    0x2000058c   COMPRESSED   0x00000004   Data   RW         4439    .data               function_m1.o
    0x20000590   COMPRESSED   0x00000001   Data   RW         4464    .data               function_zfs.o
    0x20000591   COMPRESSED   0x00000003   PAD
    0x20000594        -       0x00000010   Zero   RW           20    .bss                system_configuration.o
    0x200005a4        -       0x000005b8   Zero   RW          425    .bss                adc.o
    0x20000b5c        -       0x00000050   Zero   RW          504    .bss                can.o
    0x20000bac        -       0x00000168   Zero   RW          627    .bss                tim.o
    0x20000d14        -       0x00000164   Zero   RW          721    .bss                usart.o
    0x20000e78        -       0x00000218   Zero   RW         4158    .bss                adc_mid.o
    0x20001090        -       0x0000005c   Zero   RW         4219    .bss                can_mid.o
    0x200010ec        -       0x0000006a   Zero   RW         4319    .bss                uart_mid.o
    0x20001156   COMPRESSED   0x00000002   PAD
    0x20001158        -       0x0000005c   Zero   RW         4438    .bss                function_m1.o
    0x200011b4        -       0x00000078   Zero   RW         4463    .bss                function_zfs.o
    0x2000122c        -       0x00000060   Zero   RW         4606    .bss                c_w.l(libspace.o)
    0x2000128c   COMPRESSED   0x00000004   PAD
    0x20001290        -       0x00002800   Zero   RW            2    HEAP                startup_stm32f407xx.o
    0x20003a90        -       0x00002100   Zero   RW            1    STACK               startup_stm32f407xx.o


==============================================================================

Image component sizes


      Code (inc. data)   RO Data    RW Data    ZI Data      Debug   Object Name

      2072        134          0          5       1464       7371   adc.o
      2200        124          0       1055        536       9376   adc_mid.o
       516         34          0          0         80       2452   can.o
       284         60          0          0         92       2909   can_mid.o
       462         24          0          0          0       3420   control_motor_mid.o
        84         18          0          8          0       1479   crc.o
        72          6          0          0          0        790   dma.o
       356         48          0          4         92       1713   function_m1.o
       332         40          0          1        120       2116   function_zfs.o
       448         48          0          0          0       3930   gpio.o
       376         24          0          0          0       2652   h_motor_mid.o
       518         36          0          2          0       3550   main.o
       820         62          0         70          0       3287   schedulerbalance.o
        64         26        392          0      18688        840   startup_stm32f407xx.o
       136         24          0          9          0       8702   stm32f4xx_hal.o
      1682         56          0          0          0       7687   stm32f4xx_hal_adc.o
       564         28          0          0          0       4711   stm32f4xx_hal_adc_ex.o
      2172          6          0          0          0      14414   stm32f4xx_hal_can.o
       304         22          0          0          0      34427   stm32f4xx_hal_cortex.o
        32          0          0          0          0       1031   stm32f4xx_hal_crc.o
      1436         16          8          0          0       6994   stm32f4xx_hal_dma.o
       512         46          0          0          0       2096   stm32f4xx_hal_gpio.o
        80          6          0          0          0        854   stm32f4xx_hal_msp.o
      1866         92          0          0          0       7227   stm32f4xx_hal_rcc.o
      3018        178          0          0          0      19038   stm32f4xx_hal_tim.o
       300         30          0          0          0       3301   stm32f4xx_hal_tim_ex.o
      3212         38          0          0          0      18401   stm32f4xx_hal_uart.o
       198         56          0          0          0       7713   stm32f4xx_it.o
       312         58          0         12         16     728003   system_configuration.o
        28          4         24          4          0       1183   system_stm32f4xx.o
      2232        178          0          2        360      10100   tim.o
       182         44          0         19        106       4015   uart_mid.o
       472         48          0          0        356       2710   usart.o

    ----------------------------------------------------------------------
     27384       1614        456       1204      21912     928492   Object Totals
         0          0         32          0          0          0   (incl. Generated)
        42          0          0         13          2          0   (incl. Padding)

    ----------------------------------------------------------------------

      Code (inc. data)   RO Data    RW Data    ZI Data      Debug   Library Member Name

        90          0          0          0          0          0   __dczerorl2.o
         8          0          0          0          0         68   __main.o
         0          0          0          0          0          0   __rtentry.o
        12          0          0          0          0          0   __rtentry2.o
         6          0          0          0          0          0   __rtentry4.o
        52          8          0          0          0          0   __scatter.o
        28          0          0          0          0          0   __scatter_zi.o
        18          0          0          0          0         80   exit.o
         6          0          0          0          0        152   heapauxi.o
         0          0          0          0          0          0   indicate_semi.o
         2          0          0          0          0          0   libinit.o
         6          0          0          0          0          0   libinit2.o
         2          0          0          0          0          0   libshutdown.o
         2          0          0          0          0          0   libshutdown2.o
         8          4          0          0         96         68   libspace.o
       238          0          0          0          0        100   lludivv7m.o
        78          0          0          0          0         80   rt_memclr_w.o
         2          0          0          0          0          0   rtexit.o
        10          0          0          0          0          0   rtexit2.o
        12          4          0          0          0         68   sys_exit.o
        74          0          0          0          0         80   sys_stackheap_outer.o
         2          0          0          0          0         68   use_no_semi.o
        24          0          0          0          0        116   dcmpi.o
       120          4          0          0          0        140   dleqf.o
       156          4          0          0          0        140   dnaninf.o
        12          0          0          0          0        116   dretinf.o
       108          0          0          0          0        128   drleqf.o
        86          4          0          0          0        132   f2d.o
        82          4          0          0          0        160   fcmp4.o
        24          0          0          0          0        116   fcmpi.o
       140          4          0          0          0        132   fnaninf.o
        10          0          0          0          0        116   fpinit.o
         0          0          0          0          0          0   usenofp.o
        20          0          0          0          0        124   fabs.o
        72          0          0          0          0        148   fmaxf.o
        72          0          0          0          0        148   fminf.o

    ----------------------------------------------------------------------
      1592         36          0          0        100       2480   Library Totals
        10          0          0          0          4          0   (incl. Padding)

    ----------------------------------------------------------------------

      Code (inc. data)   RO Data    RW Data    ZI Data      Debug   Library Name

       656         16          0          0         96        764   c_w.l
       762         20          0          0          0       1296   fz_wm.l
       164          0          0          0          0        420   m_wm.l

    ----------------------------------------------------------------------
      1592         36          0          0        100       2480   Library Totals

    ----------------------------------------------------------------------

==============================================================================


      Code (inc. data)   RO Data    RW Data    ZI Data      Debug   

     28976       1650        456       1204      22012     909612   Grand Totals
     28976       1650        456        356      22012     909612   ELF Image Totals (compressed)
     28976       1650        456        356          0          0   ROM Totals

==============================================================================

    Total RO  Size (Code + RO Data)                29432 (  28.74kB)
    Total RW  Size (RW Data + ZI Data)             23216 (  22.67kB)
    Total ROM Size (Code + RO Data + RW Data)      29788 (  29.09kB)

==============================================================================

